Component: ARM Compiler 5.06 update 7 (build 960) Tool: armlink [4d3601]

==============================================================================

Section Cross References

    main.o(i.START_TASK) refers to port.o(i.vPortEnterCritical) for vPortEnterCritical
    main.o(i.START_TASK) refers to tasks.o(i.xTaskCreate) for xTaskCreate
    main.o(i.START_TASK) refers to tasks.o(i.vTaskDelete) for vTaskDelete
    main.o(i.START_TASK) refers to port.o(i.vPortExitCritical) for vPortExitCritical
    main.o(i.START_TASK) refers to main.o(.data) for Flag_right
    main.o(i.START_TASK) refers to chassis.o(i.CHASSIS_TASK) for CHASSIS_TASK
    main.o(i.main) refers to rabbit.o(i.system_init) for system_init
    main.o(i.main) refers to tasks.o(i.xTaskCreate) for xTaskCreate
    main.o(i.main) refers to tasks.o(i.vTaskStartScheduler) for vTaskStartScheduler
    main.o(i.main) refers to main.o(.data) for StartTask_Handler
    main.o(i.main) refers to main.o(i.START_TASK) for START_TASK
    system_stm32f4xx.o(i.SystemCoreClockUpdate) refers to system_stm32f4xx.o(.data) for SystemCoreClock
    system_stm32f4xx.o(i.SystemInit) refers to system_stm32f4xx.o(i.SetSysClock) for SetSysClock
    startup_stm32f40_41xxx.o(RESET) refers to startup_stm32f40_41xxx.o(STACK) for __initial_sp
    startup_stm32f40_41xxx.o(RESET) refers to startup_stm32f40_41xxx.o(.text) for Reset_Handler
    startup_stm32f40_41xxx.o(RESET) refers to stm32f4xx_it.o(i.NMI_Handler) for NMI_Handler
    startup_stm32f40_41xxx.o(RESET) refers to stm32f4xx_it.o(i.HardFault_Handler) for HardFault_Handler
    startup_stm32f40_41xxx.o(RESET) refers to stm32f4xx_it.o(i.MemManage_Handler) for MemManage_Handler
    startup_stm32f40_41xxx.o(RESET) refers to stm32f4xx_it.o(i.BusFault_Handler) for BusFault_Handler
    startup_stm32f40_41xxx.o(RESET) refers to stm32f4xx_it.o(i.UsageFault_Handler) for UsageFault_Handler
    startup_stm32f40_41xxx.o(RESET) refers to port.o(.emb_text) for SVC_Handler
    startup_stm32f40_41xxx.o(RESET) refers to stm32f4xx_it.o(i.DebugMon_Handler) for DebugMon_Handler
    startup_stm32f40_41xxx.o(RESET) refers to delay.o(i.SysTick_Handler) for SysTick_Handler
    startup_stm32f40_41xxx.o(RESET) refers to motor_feedback.o(i.CAN1_RX0_IRQHandler) for CAN1_RX0_IRQHandler
    startup_stm32f40_41xxx.o(RESET) refers to usart.o(i.USART1_IRQHandler) for USART1_IRQHandler
    startup_stm32f40_41xxx.o(RESET) refers to remote_control.o(i.USART3_IRQHandler) for USART3_IRQHandler
    startup_stm32f40_41xxx.o(RESET) refers to motor_feedback.o(i.CAN2_RX1_IRQHandler) for CAN2_RX1_IRQHandler
    startup_stm32f40_41xxx.o(.text) refers to system_stm32f4xx.o(i.SystemInit) for SystemInit
    startup_stm32f40_41xxx.o(.text) refers to entry.o(.ARM.Collect$$$$00000000) for __main
    stm32f4xx_adc.o(i.ADC_DeInit) refers to stm32f4xx_rcc.o(i.RCC_APB2PeriphResetCmd) for RCC_APB2PeriphResetCmd
    stm32f4xx_can.o(i.CAN_DeInit) refers to stm32f4xx_rcc.o(i.RCC_APB1PeriphResetCmd) for RCC_APB1PeriphResetCmd
    stm32f4xx_can.o(i.CAN_GetITStatus) refers to stm32f4xx_can.o(i.CheckITStatus) for CheckITStatus
    stm32f4xx_cryp.o(i.CRYP_DeInit) refers to stm32f4xx_rcc.o(i.RCC_AHB2PeriphResetCmd) for RCC_AHB2PeriphResetCmd
    stm32f4xx_cryp_aes.o(i.CRYP_AES_CBC) refers to stm32f4xx_cryp.o(i.CRYP_KeyStructInit) for CRYP_KeyStructInit
    stm32f4xx_cryp_aes.o(i.CRYP_AES_CBC) refers to stm32f4xx_cryp.o(i.CRYP_FIFOFlush) for CRYP_FIFOFlush
    stm32f4xx_cryp_aes.o(i.CRYP_AES_CBC) refers to stm32f4xx_cryp.o(i.CRYP_Init) for CRYP_Init
    stm32f4xx_cryp_aes.o(i.CRYP_AES_CBC) refers to stm32f4xx_cryp.o(i.CRYP_KeyInit) for CRYP_KeyInit
    stm32f4xx_cryp_aes.o(i.CRYP_AES_CBC) refers to stm32f4xx_cryp.o(i.CRYP_Cmd) for CRYP_Cmd
    stm32f4xx_cryp_aes.o(i.CRYP_AES_CBC) refers to stm32f4xx_cryp.o(i.CRYP_GetFlagStatus) for CRYP_GetFlagStatus
    stm32f4xx_cryp_aes.o(i.CRYP_AES_CBC) refers to stm32f4xx_cryp.o(i.CRYP_IVInit) for CRYP_IVInit
    stm32f4xx_cryp_aes.o(i.CRYP_AES_CBC) refers to stm32f4xx_cryp.o(i.CRYP_GetCmdStatus) for CRYP_GetCmdStatus
    stm32f4xx_cryp_aes.o(i.CRYP_AES_CBC) refers to stm32f4xx_cryp.o(i.CRYP_DataIn) for CRYP_DataIn
    stm32f4xx_cryp_aes.o(i.CRYP_AES_CBC) refers to stm32f4xx_cryp.o(i.CRYP_DataOut) for CRYP_DataOut
    stm32f4xx_cryp_aes.o(i.CRYP_AES_CCM) refers to stm32f4xx_cryp.o(i.CRYP_KeyStructInit) for CRYP_KeyStructInit
    stm32f4xx_cryp_aes.o(i.CRYP_AES_CCM) refers to stm32f4xx_cryp.o(i.CRYP_FIFOFlush) for CRYP_FIFOFlush
    stm32f4xx_cryp_aes.o(i.CRYP_AES_CCM) refers to stm32f4xx_cryp.o(i.CRYP_KeyInit) for CRYP_KeyInit
    stm32f4xx_cryp_aes.o(i.CRYP_AES_CCM) refers to stm32f4xx_cryp.o(i.CRYP_IVInit) for CRYP_IVInit
    stm32f4xx_cryp_aes.o(i.CRYP_AES_CCM) refers to stm32f4xx_cryp.o(i.CRYP_Init) for CRYP_Init
    stm32f4xx_cryp_aes.o(i.CRYP_AES_CCM) refers to stm32f4xx_cryp.o(i.CRYP_PhaseConfig) for CRYP_PhaseConfig
    stm32f4xx_cryp_aes.o(i.CRYP_AES_CCM) refers to stm32f4xx_cryp.o(i.CRYP_DataIn) for CRYP_DataIn
[...]
    ..\\Driver\\FWLIB\\src\\stm32f4xx_flash.c 0x00000000   Number         0  stm32f4xx_flash.o ABSOLUTE
    ..\\Driver\\FWLIB\\src\\stm32f4xx_flash_ramfunc.c 0x00000000   Number         0  stm32f4xx_flash_ramfunc.o ABSOLUTE
    ..\\Driver\\FWLIB\\src\\stm32f4xx_fsmc.c 0x00000000   Number         0  stm32f4xx_fsmc.o ABSOLUTE
    ..\\Driver\\FWLIB\\src\\stm32f4xx_gpio.c 0x00000000   Number         0  stm32f4xx_gpio.o ABSOLUTE
    ..\\Driver\\FWLIB\\src\\stm32f4xx_hash.c 0x00000000   Number         0  stm32f4xx_hash.o ABSOLUTE
    ..\\Driver\\FWLIB\\src\\stm32f4xx_hash_md5.c 0x00000000   Number         0  stm32f4xx_hash_md5.o ABSOLUTE
    ..\\Driver\\FWLIB\\src\\stm32f4xx_hash_sha1.c 0x00000000   Number         0  stm32f4xx_hash_sha1.o ABSOLUTE
    ..\\Driver\\FWLIB\\src\\stm32f4xx_i2c.c  0x00000000   Number         0  stm32f4xx_i2c.o ABSOLUTE
    ..\\Driver\\FWLIB\\src\\stm32f4xx_iwdg.c 0x00000000   Number         0  stm32f4xx_iwdg.o ABSOLUTE
    ..\\Driver\\FWLIB\\src\\stm32f4xx_ltdc.c 0x00000000   Number         0  stm32f4xx_ltdc.o ABSOLUTE
    ..\\Driver\\FWLIB\\src\\stm32f4xx_pwr.c  0x00000000   Number         0  stm32f4xx_pwr.o ABSOLUTE
    ..\\Driver\\FWLIB\\src\\stm32f4xx_rcc.c  0x00000000   Number         0  stm32f4xx_rcc.o ABSOLUTE
    ..\\Driver\\FWLIB\\src\\stm32f4xx_rng.c  0x00000000   Number         0  stm32f4xx_rng.o ABSOLUTE
    ..\\Driver\\FWLIB\\src\\stm32f4xx_rtc.c  0x00000000   Number         0  stm32f4xx_rtc.o ABSOLUTE
    ..\\Driver\\FWLIB\\src\\stm32f4xx_sai.c  0x00000000   Number         0  stm32f4xx_sai.o ABSOLUTE
    ..\\Driver\\FWLIB\\src\\stm32f4xx_sdio.c 0x00000000   Number         0  stm32f4xx_sdio.o ABSOLUTE
    ..\\Driver\\FWLIB\\src\\stm32f4xx_spi.c  0x00000000   Number         0  stm32f4xx_spi.o ABSOLUTE
    ..\\Driver\\FWLIB\\src\\stm32f4xx_syscfg.c 0x00000000   Number         0  stm32f4xx_syscfg.o ABSOLUTE
    ..\\Driver\\FWLIB\\src\\stm32f4xx_tim.c  0x00000000   Number         0  stm32f4xx_tim.o ABSOLUTE
    ..\\Driver\\FWLIB\\src\\stm32f4xx_usart.c 0x00000000   Number         0  stm32f4xx_usart.o ABSOLUTE
    ..\\Driver\\FWLIB\\src\\stm32f4xx_wwdg.c 0x00000000   Number         0  stm32f4xx_wwdg.o ABSOLUTE
    ..\\FreeRTOS\\FreeRTOS_v2\\FreeRTOSv202212.01\\FreeRTOS\\Source\\croutine.c 0x00000000   Number         0  croutine.o ABSOLUTE
    ..\\FreeRTOS\\FreeRTOS_v2\\FreeRTOSv202212.01\\FreeRTOS\\Source\\event_groups.c 0x00000000   Number         0  event_groups.o ABSOLUTE
    ..\\FreeRTOS\\FreeRTOS_v2\\FreeRTOSv202212.01\\FreeRTOS\\Source\\list.c 0x00000000   Number         0  list.o ABSOLUTE
    ..\\FreeRTOS\\FreeRTOS_v2\\FreeRTOSv202212.01\\FreeRTOS\\Source\\portable\\MemMang\\heap_4.c 0x00000000   Number         0  heap_4.o ABSOLUTE
    ..\\FreeRTOS\\FreeRTOS_v2\\FreeRTOSv202212.01\\FreeRTOS\\Source\\portable\\RVDS\\ARM_CM4F\\port.c 0x00000000   Number         0  port.o ABSOLUTE
    ..\\FreeRTOS\\FreeRTOS_v2\\FreeRTOSv202212.01\\FreeRTOS\\Source\\queue.c 0x00000000   Number         0  queue.o ABSOLUTE
    ..\\FreeRTOS\\FreeRTOS_v2\\FreeRTOSv202212.01\\FreeRTOS\\Source\\stream_buffer.c 0x00000000   Number         0  stream_buffer.o ABSOLUTE
    ..\\FreeRTOS\\FreeRTOS_v2\\FreeRTOSv202212.01\\FreeRTOS\\Source\\tasks.c 0x00000000   Number         0  tasks.o ABSOLUTE
    ..\\FreeRTOS\\FreeRTOS_v2\\FreeRTOSv202212.01\\FreeRTOS\\Source\\timers.c 0x00000000   Number         0  timers.o ABSOLUTE
    ..\\HARDWARE\\src\\IIC.c                 0x00000000   Number         0  iic.o ABSOLUTE
    ..\\HARDWARE\\src\\adc.c                 0x00000000   Number         0  adc.o ABSOLUTE
    ..\\HARDWARE\\src\\can.c                 0x00000000   Number         0  can.o ABSOLUTE
    ..\\HARDWARE\\src\\gpio.c                0x00000000   Number         0  gpio.o ABSOLUTE
    ..\\HARDWARE\\src\\spi.c                 0x00000000   Number         0  spi.o ABSOLUTE
    ..\\HARDWARE\\src\\timer.c               0x00000000   Number         0  timer.o ABSOLUTE
    ..\\HARDWARE\\src\\usart.c               0x00000000   Number         0  usart.o ABSOLUTE
    ..\\Rabbit\\src\\chassis.c               0x00000000   Number         0  chassis.o ABSOLUTE
    ..\\Rabbit\\src\\rabbit.c                0x00000000   Number         0  rabbit.o ABSOLUTE
    ..\\USER\\APP\\motor_feedback.c          0x00000000   Number         0  motor_feedback.o ABSOLUTE
    ..\\USER\\APP\\remote_control.c          0x00000000   Number         0  remote_control.o ABSOLUTE
    ..\\USER\\SYSTEM\\src\\delay.c           0x00000000   Number         0  delay.o ABSOLUTE
    ..\\USER\\SYSTEM\\src\\sys.c             0x00000000   Number         0  sys.o ABSOLUTE
    ..\\USER\\algorithm\\Low_pass.c          0x00000000   Number         0  low_pass.o ABSOLUTE
    ..\\USER\\algorithm\\dead_zone.c         0x00000000   Number         0  dead_zone.o ABSOLUTE
    cdcmple.s                                0x00000000   Number         0  cdcmple.o ABSOLUTE
    cdrcmple.s                               0x00000000   Number         0  cdrcmple.o ABSOLUTE
    dc.s                                     0x00000000   Number         0  dc.o ABSOLUTE
    handlers.s                               0x00000000   Number         0  handlers.o ABSOLUTE
    init.s                                   0x00000000   Number         0  init.o ABSOLUTE
    main.c                                   0x00000000   Number         0  main.o ABSOLUTE
    main.c                                   0x00000000   Number         0  main.o ABSOLUTE
    RESET                                    0x08000000   Section      392  startup_stm32f40_41xxx.o(RESET)
    .ARM.Collect$$$$00000000                 0x08000188   Section        0  entry.o(.ARM.Collect$$$$00000000)
    .ARM.Collect$$$$00000001                 0x08000188   Section        4  entry2.o(.ARM.Collect$$$$00000001)
    .ARM.Collect$$$$00000004                 0x0800018c   Section        4  entry5.o(.ARM.Collect$$$$00000004)
    .ARM.Collect$$$$00000008                 0x08000190   Section        0  entry7b.o(.ARM.Collect$$$$00000008)
    .ARM.Collect$$$$0000000A                 0x08000190   Section        0  entry8b.o(.ARM.Collect$$$$0000000A)
    .ARM.Collect$$$$0000000B                 0x08000190   Section        8  entry9a.o(.ARM.Collect$$$$0000000B)
    .ARM.Collect$$$$0000000E                 0x08000198   Section        4  entry12b.o(.ARM.Collect$$$$0000000E)
    .ARM.Collect$$$$0000000F                 0x0800019c   Section        0  entry10a.o(.ARM.Collect$$$$0000000F)
    .ARM.Collect$$$$00000011                 0x0800019c   Section        0  entry11a.o(.ARM.Collect$$$$00000011)
    .ARM.Collect$$$$00002712                 0x0800019c   Section        4  entry2.o(.ARM.Collect$$$$00002712)
    __lit__00000000                          0x0800019c   Data           4  entry2.o(.ARM.Collect$$$$00002712)
    .emb_text                                0x080001a0   Section      190  port.o(.emb_text)
    $v0                                      0x080001a0   Number         0  port.o(.emb_text)
    .text                                    0x08000260   Section       36  startup_stm32f40_41xxx.o(.text)
    $v0                                      0x08000260   Number         0  startup_stm32f40_41xxx.o(.text)
    .text                                    0x08000284   Section        0  memcpya.o(.text)
    .text                                    0x080002a8   Section        0  memseta.o(.text)
    .text                                    0x080002cc   Section        0  dmul.o(.text)
    .text                                    0x080003b0   Section        0  dfixi.o(.text)
    .text                                    0x080003ee   Section        0  f2d.o(.text)
    .text                                    0x08000414   Section        0  uidiv.o(.text)
    .text                                    0x08000440   Section        0  llshl.o(.text)
    .text                                    0x0800045e   Section        0  llushr.o(.text)
    .text                                    0x0800047e   Section        0  iusefp.o(.text)
    .text                                    0x0800047e   Section        0  depilogue.o(.text)
    .text                                    0x08000538   Section       36  init.o(.text)
    i.BusFault_Handler                       0x0800055c   Section        0  stm32f4xx_it.o(i.BusFault_Handler)
    i.CAN1_Mode_Init                         0x08000560   Section        0  can.o(i.CAN1_Mode_Init)
    i.CAN1_RX0_IRQHandler                    0x08000660   Section        0  motor_feedback.o(i.CAN1_RX0_IRQHandler)
    i.CAN2_Mode_Init                         0x08000958   Section        0  can.o(i.CAN2_Mode_Init)
    i.CAN2_RX1_IRQHandler                    0x08000a58   Section        0  motor_feedback.o(i.CAN2_RX1_IRQHandler)
    i.CAN_FilterInit                         0x08000d58   Section        0  stm32f4xx_can.o(i.CAN_FilterInit)
    i.CAN_ITConfig                           0x08000e60   Section        0  stm32f4xx_can.o(i.CAN_ITConfig)
    i.CAN_Init                               0x08000e72   Section        0  stm32f4xx_can.o(i.CAN_Init)
    i.CAN_Receive                            0x08000f86   Section        0  stm32f4xx_can.o(i.CAN_Receive)
    i.CAN_Transmit                           0x08001076   Section        0  stm32f4xx_can.o(i.CAN_Transmit)
    i.CHASSIS_TASK                           0x0800119c   Section        0  chassis.o(i.CHASSIS_TASK)
    i.DMA_ClearFlag                          0x08001234   Section        0  stm32f4xx_dma.o(i.DMA_ClearFlag)
    i.DMA_Cmd                                0x08001268   Section        0  stm32f4xx_dma.o(i.DMA_Cmd)
    i.DMA_DeInit                             0x08001280   Section        0  stm32f4xx_dma.o(i.DMA_DeInit)
    i.DMA_DoubleBufferModeCmd                0x080013d8   Section        0  stm32f4xx_dma.o(i.DMA_DoubleBufferModeCmd)
    i.DMA_DoubleBufferModeConfig             0x080013ee   Section        0  stm32f4xx_dma.o(i.DMA_DoubleBufferModeConfig)
    i.DMA_GetCurrDataCounter                 0x08001406   Section        0  stm32f4xx_dma.o(i.DMA_GetCurrDataCounter)
    i.DMA_GetCurrentMemoryTarget             0x0800140e   Section        0  stm32f4xx_dma.o(i.DMA_GetCurrentMemoryTarget)
    i.DMA_Init                               0x08001424   Section        0  stm32f4xx_dma.o(i.DMA_Init)
    i.DMA_SetCurrDataCounter                 0x0800147c   Section        0  stm32f4xx_dma.o(i.DMA_SetCurrDataCounter)
    i.DebugMon_Handler                       0x08001480   Section        0  stm32f4xx_it.o(i.DebugMon_Handler)
    i.GPIO_Init                              0x08001482   Section        0  stm32f4xx_gpio.o(i.GPIO_Init)
    i.GPIO_PinAFConfig                       0x08001512   Section        0  stm32f4xx_gpio.o(i.GPIO_PinAFConfig)
    i.GPIO_ResetBits                         0x08001558   Section        0  stm32f4xx_gpio.o(i.GPIO_ResetBits)
    i.GPIO_SetBits                           0x0800155c   Section        0  stm32f4xx_gpio.o(i.GPIO_SetBits)
    i.Get_angle                              0x08001560   Section        0  motor_feedback.o(i.Get_angle)
    i.HardFault_Handler                      0x0800157e   Section        0  stm32f4xx_it.o(i.HardFault_Handler)
    i.MemManage_Handler                      0x08001582   Section        0  stm32f4xx_it.o(i.MemManage_Handler)
    i.NMI_Handler                            0x08001586   Section        0  stm32f4xx_it.o(i.NMI_Handler)
    i.NVIC_Init                              0x08001588   Section        0  misc.o(i.NVIC_Init)
    i.NVIC_PriorityGroupConfig               0x08001600   Section        0  misc.o(i.NVIC_PriorityGroupConfig)
    i.PID_init                               0x08001614   Section        0  pid.o(i.PID_init)
    i.Process_received_data                  0x08001664   Section        0  usart.o(i.Process_received_data)
    i.RCC_AHB1PeriphClockCmd                 0x08001704   Section        0  stm32f4xx_rcc.o(i.RCC_AHB1PeriphClockCmd)
    i.RCC_APB1PeriphClockCmd                 0x08001724   Section        0  stm32f4xx_rcc.o(i.RCC_APB1PeriphClockCmd)
    i.RCC_APB1PeriphResetCmd                 0x08001744   Section        0  stm32f4xx_rcc.o(i.RCC_APB1PeriphResetCmd)
    i.RCC_APB2PeriphClockCmd                 0x08001764   Section        0  stm32f4xx_rcc.o(i.RCC_APB2PeriphClockCmd)
    i.RCC_APB2PeriphResetCmd                 0x08001784   Section        0  stm32f4xx_rcc.o(i.RCC_APB2PeriphResetCmd)
    i.RCC_GetClocksFreq                      0x080017a4   Section        0  stm32f4xx_rcc.o(i.RCC_GetClocksFreq)
    i.SBUS_TO_RC                             0x0800188c   Section        0  remote_control.o(i.SBUS_TO_RC)
    SBUS_TO_RC                               0x0800188d   Thumb Code   144  remote_control.o(i.SBUS_TO_RC)
    i.SPI1_Init                              0x0800191c   Section        0  spi.o(i.SPI1_Init)
    i.SPI1_ReadWriteByte                     0x080019e0   Section        0  spi.o(i.SPI1_ReadWriteByte)
    i.SPI_Cmd                                0x08001a18   Section        0  stm32f4xx_spi.o(i.SPI_Cmd)
    i.SPI_I2S_GetFlagStatus                  0x08001a30   Section        0  stm32f4xx_spi.o(i.SPI_I2S_GetFlagStatus)
    i.SPI_I2S_ReceiveData                    0x08001a42   Section        0  stm32f4xx_spi.o(i.SPI_I2S_ReceiveData)
    i.SPI_I2S_SendData                       0x08001a48   Section        0  stm32f4xx_spi.o(i.SPI_I2S_SendData)
    i.SPI_Init                               0x08001a4c   Section        0  stm32f4xx_spi.o(i.SPI_Init)
    i.START_TASK                             0x08001a88   Section        0  main.o(i.START_TASK)
    i.SetSysClock                            0x08001ae0   Section        0  system_stm32f4xx.o(i.SetSysClock)
    SetSysClock                              0x08001ae1   Thumb Code   220  system_stm32f4xx.o(i.SetSysClock)
    i.SysTick_CLKSourceConfig                0x08001bcc   Section        0  misc.o(i.SysTick_CLKSourceConfig)
    i.SysTick_Handler                        0x08001bf4   Section        0  delay.o(i.SysTick_Handler)
    i.SystemInit                             0x08001c04   Section        0  system_stm32f4xx.o(i.SystemInit)
    i.USART1_IRQHandler                      0x08001c6c   Section        0  usart.o(i.USART1_IRQHandler)
    i.USART3_IRQHandler                      0x08001d18   Section        0  remote_control.o(i.USART3_IRQHandler)
    i.USART_ClearFlag                        0x08001e10   Section        0  stm32f4xx_usart.o(i.USART_ClearFlag)
    i.USART_ClearITPendingBit                0x08001e22   Section        0  stm32f4xx_usart.o(i.USART_ClearITPendingBit)
    i.USART_Cmd                              0x08001e40   Section        0  stm32f4xx_usart.o(i.USART_Cmd)
    i.USART_DMACmd                           0x08001e58   Section        0  stm32f4xx_usart.o(i.USART_DMACmd)
    i.USART_DeInit                           0x08001e6c   Section        0  stm32f4xx_usart.o(i.USART_DeInit)
    i.USART_GetITStatus                      0x08001f5c   Section        0  stm32f4xx_usart.o(i.USART_GetITStatus)
    i.USART_ITConfig                         0x08001fb0   Section        0  stm32f4xx_usart.o(i.USART_ITConfig)
    i.USART_Init                             0x08001ffc   Section        0  stm32f4xx_usart.o(i.USART_Init)
    i.USART_ReceiveData                      0x080020d0   Section        0  stm32f4xx_usart.o(i.USART_ReceiveData)
    i.USART_SendData                         0x080020da   Section        0  stm32f4xx_usart.o(i.USART_SendData)
    i.UsageFault_Handler                     0x080020e2   Section        0  stm32f4xx_it.o(i.UsageFault_Handler)
    i.__0printf$3                            0x080020e8   Section        0  printf3.o(i.__0printf$3)
    i.__scatterload_copy                     0x08002108   Section       14  handlers.o(i.__scatterload_copy)
    i.__scatterload_null                     0x08002116   Section        2  handlers.o(i.__scatterload_null)
    i.__scatterload_zeroinit                 0x08002118   Section       14  handlers.o(i.__scatterload_zeroinit)
    i._printf_core                           0x08002128   Section        0  printf3.o(i._printf_core)
    _printf_core                             0x08002129   Thumb Code   436  printf3.o(i._printf_core)
    i.arm_cos_f32                            0x080022e0   Section        0  arm_cos_f32.o(i.arm_cos_f32)
    i.delay_init                             0x08002370   Section        0  delay.o(i.delay_init)
    i.fputc                                  0x080023b4   Section        0  usart.o(i.fputc)
    i.gpio_Init                              0x080023d0   Section        0  gpio.o(i.gpio_Init)
    i.main                                   0x08002448   Section        0  main.o(i.main)
    i.prvAddCurrentTaskToDelayedList         0x08002480   Section        0  tasks.o(i.prvAddCurrentTaskToDelayedList)
    prvAddCurrentTaskToDelayedList           0x08002481   Thumb Code   164  tasks.o(i.prvAddCurrentTaskToDelayedList)
    i.prvAddNewTaskToReadyList               0x08002540   Section        0  tasks.o(i.prvAddNewTaskToReadyList)
    prvAddNewTaskToReadyList                 0x08002541   Thumb Code   182  tasks.o(i.prvAddNewTaskToReadyList)
    i.prvCheckForValidListAndQueue           0x08002610   Section        0  timers.o(i.prvCheckForValidListAndQueue)
    prvCheckForValidListAndQueue             0x08002611   Thumb Code    72  timers.o(i.prvCheckForValidListAndQueue)
    i.prvCheckTasksWaitingTermination        0x08002674   Section        0  tasks.o(i.prvCheckTasksWaitingTermination)
    prvCheckTasksWaitingTermination          0x08002675   Thumb Code    60  tasks.o(i.prvCheckTasksWaitingTermination)
    i.prvCopyDataFromQueue                   0x080026bc   Section        0  queue.o(i.prvCopyDataFromQueue)
    prvCopyDataFromQueue                     0x080026bd   Thumb Code    42  queue.o(i.prvCopyDataFromQueue)
    i.prvCopyDataToQueue                     0x080026e6   Section        0  queue.o(i.prvCopyDataToQueue)
    prvCopyDataToQueue                       0x080026e7   Thumb Code   126  queue.o(i.prvCopyDataToQueue)
    i.prvDeleteTCB                           0x08002764   Section        0  tasks.o(i.prvDeleteTCB)
    prvDeleteTCB                             0x08002765   Thumb Code    18  tasks.o(i.prvDeleteTCB)
    i.prvGetNextExpireTime                   0x08002778   Section        0  timers.o(i.prvGetNextExpireTime)
    prvGetNextExpireTime                     0x08002779   Thumb Code    36  timers.o(i.prvGetNextExpireTime)
    i.prvHeapInit                            0x080027a0   Section        0  heap_4.o(i.prvHeapInit)
    prvHeapInit                              0x080027a1   Thumb Code    90  heap_4.o(i.prvHeapInit)
    i.prvIdleTask                            0x08002810   Section        0  tasks.o(i.prvIdleTask)
    prvIdleTask                              0x08002811   Thumb Code    24  tasks.o(i.prvIdleTask)
    i.prvInitialiseNewQueue                  0x0800282c   Section        0  queue.o(i.prvInitialiseNewQueue)
    prvInitialiseNewQueue                    0x0800282d   Thumb Code    46  queue.o(i.prvInitialiseNewQueue)
    i.prvInitialiseNewTask                   0x0800285c   Section        0  tasks.o(i.prvInitialiseNewTask)
    prvInitialiseNewTask                     0x0800285d   Thumb Code   184  tasks.o(i.prvInitialiseNewTask)
    i.prvInitialiseTaskLists                 0x08002928   Section        0  tasks.o(i.prvInitialiseTaskLists)
    prvInitialiseTaskLists                   0x08002929   Thumb Code    70  tasks.o(i.prvInitialiseTaskLists)
    i.prvInsertBlockIntoFreeList             0x08002990   Section        0  heap_4.o(i.prvInsertBlockIntoFreeList)
    prvInsertBlockIntoFreeList               0x08002991   Thumb Code    96  heap_4.o(i.prvInsertBlockIntoFreeList)
    i.prvInsertTimerInActiveList             0x080029f8   Section        0  timers.o(i.prvInsertTimerInActiveList)
    prvInsertTimerInActiveList               0x080029f9   Thumb Code    80  timers.o(i.prvInsertTimerInActiveList)
    i.prvIsQueueEmpty                        0x08002a50   Section        0  queue.o(i.prvIsQueueEmpty)
    prvIsQueueEmpty                          0x08002a51   Thumb Code    26  queue.o(i.prvIsQueueEmpty)
    i.prvNotifyQueueSetContainer             0x08002a6c   Section        0  queue.o(i.prvNotifyQueueSetContainer)
    prvNotifyQueueSetContainer               0x08002a6d   Thumb Code   154  queue.o(i.prvNotifyQueueSetContainer)
    i.prvProcessExpiredTimer                 0x08002b1c   Section        0  timers.o(i.prvProcessExpiredTimer)
    prvProcessExpiredTimer                   0x08002b1d   Thumb Code    62  timers.o(i.prvProcessExpiredTimer)
    i.prvProcessReceivedCommands             0x08002b60   Section        0  timers.o(i.prvProcessReceivedCommands)
    prvProcessReceivedCommands               0x08002b61   Thumb Code   306  timers.o(i.prvProcessReceivedCommands)
    i.prvProcessTimerOrBlockTask             0x08002cac   Section        0  timers.o(i.prvProcessTimerOrBlockTask)
    prvProcessTimerOrBlockTask               0x08002cad   Thumb Code   102  timers.o(i.prvProcessTimerOrBlockTask)
    i.prvReloadTimer                         0x08002d20   Section        0  timers.o(i.prvReloadTimer)
    prvReloadTimer                           0x08002d21   Thumb Code    40  timers.o(i.prvReloadTimer)
    i.prvResetNextTaskUnblockTime            0x08002d48   Section        0  tasks.o(i.prvResetNextTaskUnblockTime)
    prvResetNextTaskUnblockTime              0x08002d49   Thumb Code    40  tasks.o(i.prvResetNextTaskUnblockTime)
    i.prvSampleTimeNow                       0x08002d78   Section        0  timers.o(i.prvSampleTimeNow)
    prvSampleTimeNow                         0x08002d79   Thumb Code    40  timers.o(i.prvSampleTimeNow)
    i.prvSwitchTimerLists                    0x08002da4   Section        0  timers.o(i.prvSwitchTimerLists)
    prvSwitchTimerLists                      0x08002da5   Thumb Code    58  timers.o(i.prvSwitchTimerLists)
    i.prvTaskExitError                       0x08002de8   Section        0  port.o(i.prvTaskExitError)
    prvTaskExitError                         0x08002de9   Thumb Code    48  port.o(i.prvTaskExitError)
    i.prvTimerTask                           0x08002e30   Section        0  timers.o(i.prvTimerTask)
    prvTimerTask                             0x08002e31   Thumb Code    26  timers.o(i.prvTimerTask)
    i.prvUnlockQueue                         0x08002e4a   Section        0  queue.o(i.prvUnlockQueue)
    prvUnlockQueue                           0x08002e4b   Thumb Code   144  queue.o(i.prvUnlockQueue)
    i.pvPortMalloc                           0x08002edc   Section        0  heap_4.o(i.pvPortMalloc)
    i.pxPortInitialiseStack                  0x08003008   Section        0  port.o(i.pxPortInitialiseStack)
    i.rc_data_can1_send                      0x08003034   Section        0  motor_feedback.o(i.rc_data_can1_send)
    i.rc_data_can2_send                      0x0800309c   Section        0  motor_feedback.o(i.rc_data_can2_send)
    i.remote_control_init                    0x08003104   Section        0  remote_control.o(i.remote_control_init)
    i.ros_data_can1_send                     0x08003118   Section        0  rabbit.o(i.ros_data_can1_send)
    i.ros_data_can2_send                     0x08003190   Section        0  rabbit.o(i.ros_data_can2_send)
    i.system_init                            0x08003208   Section        0  rabbit.o(i.system_init)
    i.usart1_init                            0x080033bc   Section        0  usart.o(i.usart1_init)
    i.usart3_Init                            0x08003468   Section        0  usart.o(i.usart3_Init)
    i.uxListRemove                           0x080035bc   Section        0  list.o(i.uxListRemove)
    i.uxTaskGetNumberOfTasks                 0x080035e4   Section        0  tasks.o(i.uxTaskGetNumberOfTasks)
    i.vListInitialise                        0x080035f0   Section        0  list.o(i.vListInitialise)
    i.vListInitialiseItem                    0x0800360a   Section        0  list.o(i.vListInitialiseItem)
    i.vListInsert                            0x08003610   Section        0  list.o(i.vListInsert)
    i.vListInsertEnd                         0x08003644   Section        0  list.o(i.vListInsertEnd)
    i.vPortEnterCritical                     0x0800365c   Section        0  port.o(i.vPortEnterCritical)
    i.vPortExitCritical                      0x080036bc   Section        0  port.o(i.vPortExitCritical)
    i.vPortFree                              0x08003704   Section        0  heap_4.o(i.vPortFree)
    i.vPortSetupTimerInterrupt               0x08003790   Section        0  port.o(i.vPortSetupTimerInterrupt)
    i.vQueueAddToRegistry                    0x080037b8   Section        0  queue.o(i.vQueueAddToRegistry)
    i.vQueueWaitForMessageRestricted         0x08003824   Section        0  queue.o(i.vQueueWaitForMessageRestricted)
    i.vTaskDelay                             0x08003870   Section        0  tasks.o(i.vTaskDelay)
    i.vTaskDelete                            0x080038d4   Section        0  tasks.o(i.vTaskDelete)
    i.vTaskInternalSetTimeOutState           0x080039d8   Section        0  tasks.o(i.vTaskInternalSetTimeOutState)
    i.vTaskMissedYield                       0x080039f0   Section        0  tasks.o(i.vTaskMissedYield)
    i.vTaskPlaceOnEventList                  0x080039fc   Section        0  tasks.o(i.vTaskPlaceOnEventList)
    i.vTaskPlaceOnEventListRestricted        0x08003a40   Section        0  tasks.o(i.vTaskPlaceOnEventListRestricted)
    i.vTaskStartScheduler                    0x08003aac   Section        0  tasks.o(i.vTaskStartScheduler)
    i.vTaskSuspendAll                        0x08003b50   Section        0  tasks.o(i.vTaskSuspendAll)
    i.vTaskSwitchContext                     0x08003b60   Section        0  tasks.o(i.vTaskSwitchContext)
    i.xPortStartScheduler                    0x08003bf8   Section        0  port.o(i.xPortStartScheduler)
    i.xPortSysTickHandler                    0x08003d6c   Section        0  port.o(i.xPortSysTickHandler)
    i.xQueueGenericCreate                    0x08003da0   Section        0  queue.o(i.xQueueGenericCreate)
    i.xQueueGenericReset                     0x08003e10   Section        0  queue.o(i.xQueueGenericReset)
    i.xQueueReceive                          0x08003ed4   Section        0  queue.o(i.xQueueReceive)
    i.xTaskCheckForTimeOut                   0x08004020   Section        0  tasks.o(i.xTaskCheckForTimeOut)
    i.xTaskCreate                            0x080040b0   Section        0  tasks.o(i.xTaskCreate)
    i.xTaskGetSchedulerState                 0x08004118   Section        0  tasks.o(i.xTaskGetSchedulerState)
    i.xTaskGetTickCount                      0x08004138   Section        0  tasks.o(i.xTaskGetTickCount)
    i.xTaskIncrementTick                     0x08004144   Section        0  tasks.o(i.xTaskIncrementTick)
    i.xTaskPriorityDisinherit                0x080042cc   Section        0  tasks.o(i.xTaskPriorityDisinherit)
    i.xTaskRemoveFromEventList               0x080043bc   Section        0  tasks.o(i.xTaskRemoveFromEventList)
    i.xTaskResumeAll                         0x080044e8   Section        0  tasks.o(i.xTaskResumeAll)
    i.xTimerCreateTimerTask                  0x08004650   Section        0  timers.o(i.xTimerCreateTimerTask)
    .constdata                               0x080046b0   Section     2052  arm_common_tables.o(.constdata)
    .conststring                             0x08004eb4   Section       67  queue.o(.conststring)
    .conststring                             0x08004ef8   Section       67  tasks.o(.conststring)
    .conststring                             0x08004f3c   Section       68  timers.o(.conststring)
    .conststring                             0x08004f80   Section       85  heap_4.o(.conststring)
    .conststring                             0x08004fd8   Section       89  port.o(.conststring)
    .data                                    0x20000000   Section       16  main.o(.data)
    StartTask_Handler                        0x20000000   Data           4  main.o(.data)
    ChassisTask_Handler                      0x20000004   Data           4  main.o(.data)
    .data                                    0x20000010   Section       20  system_stm32f4xx.o(.data)
    .data                                    0x20000024   Section       16  stm32f4xx_rcc.o(.data)
    APBAHBPrescTable                         0x20000024   Data          16  stm32f4xx_rcc.o(.data)
    .data                                    0x20000034   Section        4  delay.o(.data)
    fac_us                                   0x20000034   Data           1  delay.o(.data)
    fac_ms                                   0x20000036   Data           2  delay.o(.data)
    .data                                    0x20000038   Section        2  remote_control.o(.data)
    this_time_rx_len                         0x20000038   Data           2  remote_control.o(.data)
    .data                                    0x2000003c   Section       13  usart.o(.data)
    .data                                    0x2000004c   Section       64  tasks.o(.data)
    pxDelayedTaskList                        0x20000050   Data           4  tasks.o(.data)
    pxOverflowDelayedTaskList                0x20000054   Data           4  tasks.o(.data)
    uxDeletedTasksWaitingCleanUp             0x20000058   Data           4  tasks.o(.data)
    uxCurrentNumberOfTasks                   0x2000005c   Data           4  tasks.o(.data)
    xTickCount                               0x20000060   Data           4  tasks.o(.data)
    uxTopReadyPriority                       0x20000064   Data           4  tasks.o(.data)
    xSchedulerRunning                        0x20000068   Data           4  tasks.o(.data)
    xPendedTicks                             0x2000006c   Data           4  tasks.o(.data)
    xYieldPending                            0x20000070   Data           4  tasks.o(.data)
    xNumOfOverflows                          0x20000074   Data           4  tasks.o(.data)
    uxTaskNumber                             0x20000078   Data           4  tasks.o(.data)
    xNextTaskUnblockTime                     0x2000007c   Data           4  tasks.o(.data)
    xIdleTaskHandle                          0x20000080   Data           4  tasks.o(.data)
    uxSchedulerSuspended                     0x20000088   Data           4  tasks.o(.data)
    .data                                    0x2000008c   Section       20  timers.o(.data)
    pxCurrentTimerList                       0x2000008c   Data           4  timers.o(.data)
    pxOverflowTimerList                      0x20000090   Data           4  timers.o(.data)
    xTimerQueue                              0x20000094   Data           4  timers.o(.data)
    xTimerTaskHandle                         0x20000098   Data           4  timers.o(.data)
    xLastTime                                0x2000009c   Data           4  timers.o(.data)
    .data                                    0x200000a0   Section       28  heap_4.o(.data)
    xStart                                   0x200000a0   Data           8  heap_4.o(.data)
    pxEnd                                    0x200000a8   Data           4  heap_4.o(.data)
    xFreeBytesRemaining                      0x200000ac   Data           4  heap_4.o(.data)
    xMinimumEverFreeBytesRemaining           0x200000b0   Data           4  heap_4.o(.data)
    xNumberOfSuccessfulAllocations           0x200000b4   Data           4  heap_4.o(.data)
    xNumberOfSuccessfulFrees                 0x200000b8   Data           4  heap_4.o(.data)
    .data                                    0x200000bc   Section       12  port.o(.data)
    uxCriticalNesting                        0x200000bc   Data           4  port.o(.data)
    ucMaxSysCallPriority                     0x200000c0   Data           1  port.o(.data)
    ulMaxPRIGROUPValue                       0x200000c4   Data           4  port.o(.data)
    .data                                    0x200000c8   Section        8  rabbit.o(.data)
    .data                                    0x200000d0   Section        4  stdout.o(.data)
    .bss                                     0x200000d4   Section      110  remote_control.o(.bss)
    SBUS_rx_buf                              0x200000d4   Data          72  remote_control.o(.bss)
    .bss                                     0x20000142   Section       82  usart.o(.bss)
    SBUS_rx_buf                              0x20000142   Data          72  usart.o(.bss)
    .bss                                     0x20000194   Section       64  queue.o(.bss)
    .bss                                     0x200001d4   Section      740  tasks.o(.bss)
    pxReadyTasksLists                        0x200001d4   Data         640  tasks.o(.bss)
    xDelayedTaskList1                        0x20000454   Data          20  tasks.o(.bss)
    xDelayedTaskList2                        0x20000468   Data          20  tasks.o(.bss)
    xPendingReadyList                        0x2000047c   Data          20  tasks.o(.bss)
    xTasksWaitingTermination                 0x20000490   Data          20  tasks.o(.bss)
    xSuspendedTaskList                       0x200004a4   Data          20  tasks.o(.bss)
    .bss                                     0x200004b8   Section       40  timers.o(.bss)
    xActiveTimerList1                        0x200004b8   Data          20  timers.o(.bss)
    xActiveTimerList2                        0x200004cc   Data          20  timers.o(.bss)
    .bss                                     0x200004e0   Section    20480  heap_4.o(.bss)
    ucHeap                                   0x200004e0   Data       20480  heap_4.o(.bss)
    .bss                                     0x200054e0   Section     2164  chassis.o(.bss)
    SBUS_rx_buf                              0x200054e0   Data          72  chassis.o(.bss)
    STACK                                    0x20005d58   Section     1024  startup_stm32f40_41xxx.o(STACK)

    Global Symbols

    Symbol Name                              Value     Ov Type        Size  Object(Section)

    BuildAttributes$$THM_ISAv4$E$P$D$K$B$S$7EM$VFPi3$EXTD16$VFPS$VFMA$PE$A:L22UL41UL21$X:L11$S22US41US21$IEEE1$IW$USESV6$~STKCKD$USESV7$~SHL$OTIME$ROPI$IEEEX$EBA8$MICROLIB$REQ8$PRES8$EABIv2 0x00000000   Number         0  anon$$obj.o ABSOLUTE
    __ARM_use_no_argv                        0x00000000   Number         0  main.o ABSOLUTE
    _printf_a                                0x00000000   Number         0  stubs.o ABSOLUTE
    _printf_c                                0x00000000   Number         0  stubs.o ABSOLUTE
    _printf_charcount                        0x00000000   Number         0  stubs.o ABSOLUTE
    _printf_d                                0x00000000   Number         0  stubs.o ABSOLUTE
    _printf_e                                0x00000000   Number         0  stubs.o ABSOLUTE
    _printf_f                                0x00000000   Number         0  stubs.o ABSOLUTE
    _printf_flags                            0x00000000   Number         0  stubs.o ABSOLUTE
    _printf_fp_dec                           0x00000000   Number         0  stubs.o ABSOLUTE
    _printf_fp_hex                           0x00000000   Number         0  stubs.o ABSOLUTE
    _printf_g                                0x00000000   Number         0  stubs.o ABSOLUTE
    _printf_i                                0x00000000   Number         0  stubs.o ABSOLUTE
    _printf_int_dec                          0x00000000   Number         0  stubs.o ABSOLUTE
    _printf_l                                0x00000000   Number         0  stubs.o ABSOLUTE
    _printf_lc                               0x00000000   Number         0  stubs.o ABSOLUTE
    _printf_ll                               0x00000000   Number         0  stubs.o ABSOLUTE
    _printf_lld                              0x00000000   Number         0  stubs.o ABSOLUTE
    _printf_lli                              0x00000000   Number         0  stubs.o ABSOLUTE
    _printf_llo                              0x00000000   Number         0  stubs.o ABSOLUTE
    _printf_llu                              0x00000000   Number         0  stubs.o ABSOLUTE
    _printf_llx                              0x00000000   Number         0  stubs.o ABSOLUTE
    _printf_longlong_dec                     0x00000000   Number         0  stubs.o ABSOLUTE
    _printf_longlong_hex                     0x00000000   Number         0  stubs.o ABSOLUTE
    _printf_longlong_oct                     0x00000000   Number         0  stubs.o ABSOLUTE
    _printf_ls                               0x00000000   Number         0  stubs.o ABSOLUTE
    _printf_mbtowc                           0x00000000   Number         0  stubs.o ABSOLUTE
    _printf_n                                0x00000000   Number         0  stubs.o ABSOLUTE
    _printf_o                                0x00000000   Number         0  stubs.o ABSOLUTE
    _printf_p                                0x00000000   Number         0  stubs.o ABSOLUTE
    _printf_percent                          0x00000000   Number         0  stubs.o ABSOLUTE
    _printf_pre_padding                      0x00000000   Number         0  stubs.o ABSOLUTE
    _printf_return_value                     0x00000000   Number         0  stubs.o ABSOLUTE
    _printf_s                                0x00000000   Number         0  stubs.o ABSOLUTE
    _printf_sizespec                         0x00000000   Number         0  stubs.o ABSOLUTE
    _printf_str                              0x00000000   Number         0  stubs.o ABSOLUTE
    _printf_truncate_signed                  0x00000000   Number         0  stubs.o ABSOLUTE
    _printf_truncate_unsigned                0x00000000   Number         0  stubs.o ABSOLUTE
    _printf_u                                0x00000000   Number         0  stubs.o ABSOLUTE
    _printf_wc                               0x00000000   Number         0  stubs.o ABSOLUTE
    _printf_wctomb                           0x00000000   Number         0  stubs.o ABSOLUTE
    _printf_widthprec                        0x00000000   Number         0  stubs.o ABSOLUTE
    _printf_x                                0x00000000   Number         0  stubs.o ABSOLUTE
    __arm_fini_                               - Undefined Weak Reference
    __cpp_initialize__aeabi_                  - Undefined Weak Reference
    __cxa_finalize                            - Undefined Weak Reference
    __decompress                              - Undefined Weak Reference
    _clock_init                               - Undefined Weak Reference
    _microlib_exit                            - Undefined Weak Reference
    __Vectors_Size                           0x00000188   Number         0  startup_stm32f40_41xxx.o ABSOLUTE
    __Vectors                                0x08000000   Data           4  startup_stm32f40_41xxx.o(RESET)
    __Vectors_End                            0x08000188   Data           0  startup_stm32f40_41xxx.o(RESET)
    __main                                   0x08000189   Thumb Code     0  entry.o(.ARM.Collect$$$$00000000)
    _main_stk                                0x08000189   Thumb Code     0  entry2.o(.ARM.Collect$$$$00000001)
    _main_scatterload                        0x0800018d   Thumb Code     0  entry5.o(.ARM.Collect$$$$00000004)
    __main_after_scatterload                 0x08000191   Thumb Code     0  entry5.o(.ARM.Collect$$$$00000004)
    _main_clock                              0x08000191   Thumb Code     0  entry7b.o(.ARM.Collect$$$$00000008)
    _main_cpp_init                           0x08000191   Thumb Code     0  entry8b.o(.ARM.Collect$$$$0000000A)
    _main_init                               0x08000191   Thumb Code     0  entry9a.o(.ARM.Collect$$$$0000000B)
    __rt_lib_shutdown_fini                   0x08000199   Thumb Code     0  entry12b.o(.ARM.Collect$$$$0000000E)
    __rt_final_cpp                           0x0800019d   Thumb Code     0  entry10a.o(.ARM.Collect$$$$0000000F)
    __rt_final_exit                          0x0800019d   Thumb Code     0  entry11a.o(.ARM.Collect$$$$00000011)
    SVC_Handler                              0x080001a1   Thumb Code    28  port.o(.emb_text)
    __asm___6_port_c_39a90d8d__prvStartFirstTask 0x080001c1   Thumb Code    36  port.o(.emb_text)
    __asm___6_port_c_39a90d8d__prvEnableVFP  0x080001e9   Thumb Code    16  port.o(.emb_text)
    PendSV_Handler                           0x080001fd   Thumb Code    88  port.o(.emb_text)
    vPortGetIPSR                             0x08000259   Thumb Code     6  port.o(.emb_text)
    Reset_Handler                            0x08000261   Thumb Code     8  startup_stm32f40_41xxx.o(.text)
    ADC_IRQHandler                           0x0800027b   Thumb Code     0  startup_stm32f40_41xxx.o(.text)
    CAN1_RX1_IRQHandler                      0x0800027b   Thumb Code     0  startup_stm32f40_41xxx.o(.text)
    CAN1_SCE_IRQHandler                      0x0800027b   Thumb Code     0  startup_stm32f40_41xxx.o(.text)
    CAN1_TX_IRQHandler                       0x0800027b   Thumb Code     0  startup_stm32f40_41xxx.o(.text)
    CAN2_RX0_IRQHandler                      0x0800027b   Thumb Code     0  startup_stm32f40_41xxx.o(.text)
    CAN2_SCE_IRQHandler                      0x0800027b   Thumb Code     0  startup_stm32f40_41xxx.o(.text)
    CAN2_TX_IRQHandler                       0x0800027b   Thumb Code     0  startup_stm32f40_41xxx.o(.text)
    CRYP_IRQHandler                          0x0800027b   Thumb Code     0  startup_stm32f40_41xxx.o(.text)
    DCMI_IRQHandler                          0x0800027b   Thumb Code     0  startup_stm32f40_41xxx.o(.text)
    DMA1_Stream0_IRQHandler                  0x0800027b   Thumb Code     0  startup_stm32f40_41xxx.o(.text)
    DMA1_Stream1_IRQHandler                  0x0800027b   Thumb Code     0  startup_stm32f40_41xxx.o(.text)
    DMA1_Stream2_IRQHandler                  0x0800027b   Thumb Code     0  startup_stm32f40_41xxx.o(.text)
    DMA1_Stream3_IRQHandler                  0x0800027b   Thumb Code     0  startup_stm32f40_41xxx.o(.text)
    DMA1_Stream4_IRQHandler                  0x0800027b   Thumb Code     0  startup_stm32f40_41xxx.o(.text)
    DMA1_Stream5_IRQHandler                  0x0800027b   Thumb Code     0  startup_stm32f40_41xxx.o(.text)
    DMA1_Stream6_IRQHandler                  0x0800027b   Thumb Code     0  startup_stm32f40_41xxx.o(.text)
    DMA1_Stream7_IRQHandler                  0x0800027b   Thumb Code     0  startup_stm32f40_41xxx.o(.text)
    DMA2_Stream0_IRQHandler                  0x0800027b   Thumb Code     0  startup_stm32f40_41xxx.o(.text)
    DMA2_Stream1_IRQHandler                  0x0800027b   Thumb Code     0  startup_stm32f40_41xxx.o(.text)
    DMA2_Stream2_IRQHandler                  0x0800027b   Thumb Code     0  startup_stm32f40_41xxx.o(.text)
    DMA2_Stream3_IRQHandler                  0x0800027b   Thumb Code     0  startup_stm32f40_41xxx.o(.text)
    DMA2_Stream4_IRQHandler                  0x0800027b   Thumb Code     0  startup_stm32f40_41xxx.o(.text)
    DMA2_Stream5_IRQHandler                  0x0800027b   Thumb Code     0  startup_stm32f40_41xxx.o(.text)
    DMA2_Stream6_IRQHandler                  0x0800027b   Thumb Code     0  startup_stm32f40_41xxx.o(.text)
    DMA2_Stream7_IRQHandler                  0x0800027b   Thumb Code     0  startup_stm32f40_41xxx.o(.text)
    ETH_IRQHandler                           0x0800027b   Thumb Code     0  startup_stm32f40_41xxx.o(.text)
    ETH_WKUP_IRQHandler                      0x0800027b   Thumb Code     0  startup_stm32f40_41xxx.o(.text)
    EXTI0_IRQHandler                         0x0800027b   Thumb Code     0  startup_stm32f40_41xxx.o(.text)
    EXTI15_10_IRQHandler                     0x0800027b   Thumb Code     0  startup_stm32f40_41xxx.o(.text)
    EXTI1_IRQHandler                         0x0800027b   Thumb Code     0  startup_stm32f40_41xxx.o(.text)
    EXTI2_IRQHandler                         0x0800027b   Thumb Code     0  startup_stm32f40_41xxx.o(.text)
    EXTI3_IRQHandler                         0x0800027b   Thumb Code     0  startup_stm32f40_41xxx.o(.text)
    EXTI4_IRQHandler                         0x0800027b   Thumb Code     0  startup_stm32f40_41xxx.o(.text)
    EXTI9_5_IRQHandler                       0x0800027b   Thumb Code     0  startup_stm32f40_41xxx.o(.text)
    FLASH_IRQHandler                         0x0800027b   Thumb Code     0  startup_stm32f40_41xxx.o(.text)
    FPU_IRQHandler                           0x0800027b   Thumb Code     0  startup_stm32f40_41xxx.o(.text)
    FSMC_IRQHandler                          0x0800027b   Thumb Code     0  startup_stm32f40_41xxx.o(.text)
    HASH_RNG_IRQHandler                      0x0800027b   Thumb Code     0  startup_stm32f40_41xxx.o(.text)
    I2C1_ER_IRQHandler                       0x0800027b   Thumb Code     0  startup_stm32f40_41xxx.o(.text)
    I2C1_EV_IRQHandler                       0x0800027b   Thumb Code     0  startup_stm32f40_41xxx.o(.text)
    I2C2_ER_IRQHandler                       0x0800027b   Thumb Code     0  startup_stm32f40_41xxx.o(.text)
    I2C2_EV_IRQHandler                       0x0800027b   Thumb Code     0  startup_stm32f40_41xxx.o(.text)
    I2C3_ER_IRQHandler                       0x0800027b   Thumb Code     0  startup_stm32f40_41xxx.o(.text)
    I2C3_EV_IRQHandler                       0x0800027b   Thumb Code     0  startup_stm32f40_41xxx.o(.text)
    OTG_FS_IRQHandler                        0x0800027b   Thumb Code     0  startup_stm32f40_41xxx.o(.text)
    OTG_FS_WKUP_IRQHandler                   0x0800027b   Thumb Code     0  startup_stm32f40_41xxx.o(.text)
    OTG_HS_EP1_IN_IRQHandler                 0x0800027b   Thumb Code     0  startup_stm32f40_41xxx.o(.text)
    OTG_HS_EP1_OUT_IRQHandler                0x0800027b   Thumb Code     0  startup_stm32f40_41xxx.o(.text)
    OTG_HS_IRQHandler                        0x0800027b   Thumb Code     0  startup_stm32f40_41xxx.o(.text)
    OTG_HS_WKUP_IRQHandler                   0x0800027b   Thumb Code     0  startup_stm32f40_41xxx.o(.text)
    PVD_IRQHandler                           0x0800027b   Thumb Code     0  startup_stm32f40_41xxx.o(.text)
    RCC_IRQHandler                           0x0800027b   Thumb Code     0  startup_stm32f40_41xxx.o(.text)
    RTC_Alarm_IRQHandler                     0x0800027b   Thumb Code     0  startup_stm32f40_41xxx.o(.text)
    RTC_WKUP_IRQHandler                      0x0800027b   Thumb Code     0  startup_stm32f40_41xxx.o(.text)
    SDIO_IRQHandler                          0x0800027b   Thumb Code     0  startup_stm32f40_41xxx.o(.text)
    SPI1_IRQHandler                          0x0800027b   Thumb Code     0  startup_stm32f40_41xxx.o(.text)
    SPI2_IRQHandler                          0x0800027b   Thumb Code     0  startup_stm32f40_41xxx.o(.text)
    SPI3_IRQHandler                          0x0800027b   Thumb Code     0  startup_stm32f40_41xxx.o(.text)
    TAMP_STAMP_IRQHandler                    0x0800027b   Thumb Code     0  startup_stm32f40_41xxx.o(.text)
    TIM1_BRK_TIM9_IRQHandler                 0x0800027b   Thumb Code     0  startup_stm32f40_41xxx.o(.text)
    TIM1_CC_IRQHandler                       0x0800027b   Thumb Code     0  startup_stm32f40_41xxx.o(.text)
    TIM1_TRG_COM_TIM11_IRQHandler            0x0800027b   Thumb Code     0  startup_stm32f40_41xxx.o(.text)
    TIM1_UP_TIM10_IRQHandler                 0x0800027b   Thumb Code     0  startup_stm32f40_41xxx.o(.text)
    TIM2_IRQHandler                          0x0800027b   Thumb Code     0  startup_stm32f40_41xxx.o(.text)
    TIM3_IRQHandler                          0x0800027b   Thumb Code     0  startup_stm32f40_41xxx.o(.text)
    TIM4_IRQHandler                          0x0800027b   Thumb Code     0  startup_stm32f40_41xxx.o(.text)
    TIM5_IRQHandler                          0x0800027b   Thumb Code     0  startup_stm32f40_41xxx.o(.text)
    TIM6_DAC_IRQHandler                      0x0800027b   Thumb Code     0  startup_stm32f40_41xxx.o(.text)
    TIM7_IRQHandler                          0x0800027b   Thumb Code     0  startup_stm32f40_41xxx.o(.text)
    TIM8_BRK_TIM12_IRQHandler                0x0800027b   Thumb Code     0  startup_stm32f40_41xxx.o(.text)
    TIM8_CC_IRQHandler                       0x0800027b   Thumb Code     0  startup_stm32f40_41xxx.o(.text)
    TIM8_TRG_COM_TIM14_IRQHandler            0x0800027b   Thumb Code     0  startup_stm32f40_41xxx.o(.text)
    TIM8_UP_TIM13_IRQHandler                 0x0800027b   Thumb Code     0  startup_stm32f40_41xxx.o(.text)
    UART4_IRQHandler                         0x0800027b   Thumb Code     0  startup_stm32f40_41xxx.o(.text)
    UART5_IRQHandler                         0x0800027b   Thumb Code     0  startup_stm32f40_41xxx.o(.text)
    USART2_IRQHandler                        0x0800027b   Thumb Code     0  startup_stm32f40_41xxx.o(.text)
    USART6_IRQHandler                        0x0800027b   Thumb Code     0  startup_stm32f40_41xxx.o(.text)
    WWDG_IRQHandler                          0x0800027b   Thumb Code     0  startup_stm32f40_41xxx.o(.text)
    __aeabi_memcpy                           0x08000285   Thumb Code    36  memcpya.o(.text)
    __aeabi_memcpy4                          0x08000285   Thumb Code     0  memcpya.o(.text)
    __aeabi_memcpy8                          0x08000285   Thumb Code     0  memcpya.o(.text)
    __aeabi_memset                           0x080002a9   Thumb Code    14  memseta.o(.text)
    __aeabi_memset4                          0x080002a9   Thumb Code     0  memseta.o(.text)
    __aeabi_memset8                          0x080002a9   Thumb Code     0  memseta.o(.text)
    __aeabi_memclr                           0x080002b7   Thumb Code     4  memseta.o(.text)
    __aeabi_memclr4                          0x080002b7   Thumb Code     0  memseta.o(.text)
    __aeabi_memclr8                          0x080002b7   Thumb Code     0  memseta.o(.text)
    memset                                   0x080002bb   Thumb Code    18  memseta.o(.text)
    __aeabi_dmul                             0x080002cd   Thumb Code   228  dmul.o(.text)
    __aeabi_d2iz                             0x080003b1   Thumb Code    62  dfixi.o(.text)
    __aeabi_f2d                              0x080003ef   Thumb Code    38  f2d.o(.text)
    __aeabi_uidiv                            0x08000415   Thumb Code     0  uidiv.o(.text)
    __aeabi_uidivmod                         0x08000415   Thumb Code    44  uidiv.o(.text)
    __aeabi_llsl                             0x08000441   Thumb Code    30  llshl.o(.text)
    _ll_shift_l                              0x08000441   Thumb Code     0  llshl.o(.text)
    __aeabi_llsr                             0x0800045f   Thumb Code    32  llushr.o(.text)
    _ll_ushift_r                             0x0800045f   Thumb Code     0  llushr.o(.text)
    __I$use$fp                               0x0800047f   Thumb Code     0  iusefp.o(.text)
    _double_round                            0x0800047f   Thumb Code    30  depilogue.o(.text)
    _double_epilogue                         0x0800049d   Thumb Code   156  depilogue.o(.text)
    __scatterload                            0x08000539   Thumb Code    28  init.o(.text)
    __scatterload_rt2                        0x08000539   Thumb Code     0  init.o(.text)
    BusFault_Handler                         0x0800055d   Thumb Code     4  stm32f4xx_it.o(i.BusFault_Handler)
    CAN1_Mode_Init                           0x08000561   Thumb Code   248  can.o(i.CAN1_Mode_Init)
    CAN1_RX0_IRQHandler                      0x08000661   Thumb Code   746  motor_feedback.o(i.CAN1_RX0_IRQHandler)
    CAN2_Mode_Init                           0x08000959   Thumb Code   248  can.o(i.CAN2_Mode_Init)
    CAN2_RX1_IRQHandler                      0x08000a59   Thumb Code   756  motor_feedback.o(i.CAN2_RX1_IRQHandler)
    CAN_FilterInit                           0x08000d59   Thumb Code   258  stm32f4xx_can.o(i.CAN_FilterInit)
    CAN_ITConfig                             0x08000e61   Thumb Code    18  stm32f4xx_can.o(i.CAN_ITConfig)
    CAN_Init                                 0x08000e73   Thumb Code   276  stm32f4xx_can.o(i.CAN_Init)
    CAN_Receive                              0x08000f87   Thumb Code   240  stm32f4xx_can.o(i.CAN_Receive)
    CAN_Transmit                             0x08001077   Thumb Code   294  stm32f4xx_can.o(i.CAN_Transmit)
    CHASSIS_TASK                             0x0800119d   Thumb Code   140  chassis.o(i.CHASSIS_TASK)
    DMA_ClearFlag                            0x08001235   Thumb Code    38  stm32f4xx_dma.o(i.DMA_ClearFlag)
    DMA_Cmd                                  0x08001269   Thumb Code    22  stm32f4xx_dma.o(i.DMA_Cmd)
    DMA_DeInit                               0x08001281   Thumb Code   324  stm32f4xx_dma.o(i.DMA_DeInit)
    DMA_DoubleBufferModeCmd                  0x080013d9   Thumb Code    22  stm32f4xx_dma.o(i.DMA_DoubleBufferModeCmd)
    DMA_DoubleBufferModeConfig               0x080013ef   Thumb Code    24  stm32f4xx_dma.o(i.DMA_DoubleBufferModeConfig)
    DMA_GetCurrDataCounter                   0x08001407   Thumb Code     8  stm32f4xx_dma.o(i.DMA_GetCurrDataCounter)
    DMA_GetCurrentMemoryTarget               0x0800140f   Thumb Code    20  stm32f4xx_dma.o(i.DMA_GetCurrentMemoryTarget)
    DMA_Init                                 0x08001425   Thumb Code    82  stm32f4xx_dma.o(i.DMA_Init)
    DMA_SetCurrDataCounter                   0x0800147d   Thumb Code     4  stm32f4xx_dma.o(i.DMA_SetCurrDataCounter)
    DebugMon_Handler                         0x08001481   Thumb Code     2  stm32f4xx_it.o(i.DebugMon_Handler)
    GPIO_Init                                0x08001483   Thumb Code   144  stm32f4xx_gpio.o(i.GPIO_Init)
    GPIO_PinAFConfig                         0x08001513   Thumb Code    70  stm32f4xx_gpio.o(i.GPIO_PinAFConfig)
    GPIO_ResetBits                           0x08001559   Thumb Code     4  stm32f4xx_gpio.o(i.GPIO_ResetBits)
    GPIO_SetBits                             0x0800155d   Thumb Code     4  stm32f4xx_gpio.o(i.GPIO_SetBits)
    Get_angle                                0x08001561   Thumb Code    30  motor_feedback.o(i.Get_angle)
    HardFault_Handler                        0x0800157f   Thumb Code     4  stm32f4xx_it.o(i.HardFault_Handler)
    MemManage_Handler                        0x08001583   Thumb Code     4  stm32f4xx_it.o(i.MemManage_Handler)
    NMI_Handler                              0x08001587   Thumb Code     2  stm32f4xx_it.o(i.NMI_Handler)
    NVIC_Init                                0x08001589   Thumb Code   106  misc.o(i.NVIC_Init)
    NVIC_PriorityGroupConfig                 0x08001601   Thumb Code    10  misc.o(i.NVIC_PriorityGroupConfig)
    PID_init                                 0x08001615   Thumb Code    76  pid.o(i.PID_init)
    Process_received_data                    0x08001665   Thumb Code   130  usart.o(i.Process_received_data)
    RCC_AHB1PeriphClockCmd                   0x08001705   Thumb Code    26  stm32f4xx_rcc.o(i.RCC_AHB1PeriphClockCmd)
    RCC_APB1PeriphClockCmd                   0x08001725   Thumb Code    26  stm32f4xx_rcc.o(i.RCC_APB1PeriphClockCmd)
    RCC_APB1PeriphResetCmd                   0x08001745   Thumb Code    26  stm32f4xx_rcc.o(i.RCC_APB1PeriphResetCmd)
    RCC_APB2PeriphClockCmd                   0x08001765   Thumb Code    26  stm32f4xx_rcc.o(i.RCC_APB2PeriphClockCmd)
    RCC_APB2PeriphResetCmd                   0x08001785   Thumb Code    26  stm32f4xx_rcc.o(i.RCC_APB2PeriphResetCmd)
    RCC_GetClocksFreq                        0x080017a5   Thumb Code   214  stm32f4xx_rcc.o(i.RCC_GetClocksFreq)
    SPI1_Init                                0x0800191d   Thumb Code   186  spi.o(i.SPI1_Init)
    SPI1_ReadWriteByte                       0x080019e1   Thumb Code    50  spi.o(i.SPI1_ReadWriteByte)
    SPI_Cmd                                  0x08001a19   Thumb Code    24  stm32f4xx_spi.o(i.SPI_Cmd)
    SPI_I2S_GetFlagStatus                    0x08001a31   Thumb Code    18  stm32f4xx_spi.o(i.SPI_I2S_GetFlagStatus)
    SPI_I2S_ReceiveData                      0x08001a43   Thumb Code     6  stm32f4xx_spi.o(i.SPI_I2S_ReceiveData)
    SPI_I2S_SendData                         0x08001a49   Thumb Code     4  stm32f4xx_spi.o(i.SPI_I2S_SendData)
    SPI_Init                                 0x08001a4d   Thumb Code    60  stm32f4xx_spi.o(i.SPI_Init)
    START_TASK                               0x08001a89   Thumb Code    52  main.o(i.START_TASK)
    SysTick_CLKSourceConfig                  0x08001bcd   Thumb Code    40  misc.o(i.SysTick_CLKSourceConfig)
    SysTick_Handler                          0x08001bf5   Thumb Code    16  delay.o(i.SysTick_Handler)
    SystemInit                               0x08001c05   Thumb Code    88  system_stm32f4xx.o(i.SystemInit)
    USART1_IRQHandler                        0x08001c6d   Thumb Code   156  usart.o(i.USART1_IRQHandler)
    USART3_IRQHandler                        0x08001d19   Thumb Code   222  remote_control.o(i.USART3_IRQHandler)
    USART_ClearFlag                          0x08001e11   Thumb Code    18  stm32f4xx_usart.o(i.USART_ClearFlag)
    USART_ClearITPendingBit                  0x08001e23   Thumb Code    30  stm32f4xx_usart.o(i.USART_ClearITPendingBit)
    USART_Cmd                                0x08001e41   Thumb Code    24  stm32f4xx_usart.o(i.USART_Cmd)
    USART_DMACmd                             0x08001e59   Thumb Code    18  stm32f4xx_usart.o(i.USART_DMACmd)
    USART_DeInit                             0x08001e6d   Thumb Code   206  stm32f4xx_usart.o(i.USART_DeInit)
    USART_GetITStatus                        0x08001f5d   Thumb Code    84  stm32f4xx_usart.o(i.USART_GetITStatus)
    USART_ITConfig                           0x08001fb1   Thumb Code    74  stm32f4xx_usart.o(i.USART_ITConfig)
    USART_Init                               0x08001ffd   Thumb Code   204  stm32f4xx_usart.o(i.USART_Init)
    USART_ReceiveData                        0x080020d1   Thumb Code    10  stm32f4xx_usart.o(i.USART_ReceiveData)
    USART_SendData                           0x080020db   Thumb Code     8  stm32f4xx_usart.o(i.USART_SendData)
    UsageFault_Handler                       0x080020e3   Thumb Code     4  stm32f4xx_it.o(i.UsageFault_Handler)
    __0printf$3                              0x080020e9   Thumb Code    22  printf3.o(i.__0printf$3)
    __1printf$3                              0x080020e9   Thumb Code     0  printf3.o(i.__0printf$3)
    __2printf                                0x080020e9   Thumb Code     0  printf3.o(i.__0printf$3)
    __scatterload_copy                       0x08002109   Thumb Code    14  handlers.o(i.__scatterload_copy)
    __scatterload_null                       0x08002117   Thumb Code     2  handlers.o(i.__scatterload_null)
    __scatterload_zeroinit                   0x08002119   Thumb Code    14  handlers.o(i.__scatterload_zeroinit)
    arm_cos_f32                              0x080022e1   Thumb Code   132  arm_cos_f32.o(i.arm_cos_f32)
    delay_init                               0x08002371   Thumb Code    58  delay.o(i.delay_init)
    fputc                                    0x080023b5   Thumb Code    22  usart.o(i.fputc)
    gpio_Init                                0x080023d1   Thumb Code   112  gpio.o(i.gpio_Init)
    main                                     0x08002449   Thumb Code    34  main.o(i.main)
    pvPortMalloc                             0x08002edd   Thumb Code   258  heap_4.o(i.pvPortMalloc)
    pxPortInitialiseStack                    0x08003009   Thumb Code    38  port.o(i.pxPortInitialiseStack)
    rc_data_can1_send                        0x08003035   Thumb Code   100  motor_feedback.o(i.rc_data_can1_send)
    rc_data_can2_send                        0x0800309d   Thumb Code   100  motor_feedback.o(i.rc_data_can2_send)
    remote_control_init                      0x08003105   Thumb Code    16  remote_control.o(i.remote_control_init)
    ros_data_can1_send                       0x08003119   Thumb Code   116  rabbit.o(i.ros_data_can1_send)
    ros_data_can2_send                       0x08003191   Thumb Code   114  rabbit.o(i.ros_data_can2_send)
    system_init                              0x08003209   Thumb Code   380  rabbit.o(i.system_init)
    usart1_init                              0x080033bd   Thumb Code   164  usart.o(i.usart1_init)
    usart3_Init                              0x08003469   Thumb Code   322  usart.o(i.usart3_Init)
    uxListRemove                             0x080035bd   Thumb Code    40  list.o(i.uxListRemove)
    uxTaskGetNumberOfTasks                   0x080035e5   Thumb Code     6  tasks.o(i.uxTaskGetNumberOfTasks)
    vListInitialise                          0x080035f1   Thumb Code    26  list.o(i.vListInitialise)
    vListInitialiseItem                      0x0800360b   Thumb Code     6  list.o(i.vListInitialiseItem)
    vListInsert                              0x08003611   Thumb Code    52  list.o(i.vListInsert)
    vListInsertEnd                           0x08003645   Thumb Code    24  list.o(i.vListInsertEnd)
    vPortEnterCritical                       0x0800365d   Thumb Code    68  port.o(i.vPortEnterCritical)
    vPortExitCritical                        0x080036bd   Thumb Code    48  port.o(i.vPortExitCritical)
    vPortFree                                0x08003705   Thumb Code   112  heap_4.o(i.vPortFree)
    vPortSetupTimerInterrupt                 0x08003791   Thumb Code    36  port.o(i.vPortSetupTimerInterrupt)
    vQueueAddToRegistry                      0x080037b9   Thumb Code    84  queue.o(i.vQueueAddToRegistry)
    vQueueWaitForMessageRestricted           0x08003825   Thumb Code    74  queue.o(i.vQueueWaitForMessageRestricted)
    vTaskDelay                               0x08003871   Thumb Code    72  tasks.o(i.vTaskDelay)
    vTaskDelete                              0x080038d5   Thumb Code   200  tasks.o(i.vTaskDelete)
    vTaskInternalSetTimeOutState             0x080039d9   Thumb Code    14  tasks.o(i.vTaskInternalSetTimeOutState)
    vTaskMissedYield                         0x080039f1   Thumb Code     8  tasks.o(i.vTaskMissedYield)
    vTaskPlaceOnEventList                    0x080039fd   Thumb Code    42  tasks.o(i.vTaskPlaceOnEventList)
    vTaskPlaceOnEventListRestricted          0x08003a41   Thumb Code    84  tasks.o(i.vTaskPlaceOnEventListRestricted)
    vTaskStartScheduler                      0x08003aad   Thumb Code   112  tasks.o(i.vTaskStartScheduler)
    vTaskSuspendAll                          0x08003b51   Thumb Code    12  tasks.o(i.vTaskSuspendAll)
    vTaskSwitchContext                       0x08003b61   Thumb Code   110  tasks.o(i.vTaskSwitchContext)
    xPortStartScheduler                      0x08003bf9   Thumb Code   322  port.o(i.xPortStartScheduler)
    xPortSysTickHandler                      0x08003d6d   Thumb Code    46  port.o(i.xPortSysTickHandler)
    xQueueGenericCreate                      0x08003da1   Thumb Code    92  queue.o(i.xQueueGenericCreate)
    xQueueGenericReset                       0x08003e11   Thumb Code   176  queue.o(i.xQueueGenericReset)
    xQueueReceive                            0x08003ed5   Thumb Code   308  queue.o(i.xQueueReceive)
    xTaskCheckForTimeOut                     0x08004021   Thumb Code   116  tasks.o(i.xTaskCheckForTimeOut)
    xTaskCreate                              0x080040b1   Thumb Code   104  tasks.o(i.xTaskCreate)
    xTaskGetSchedulerState                   0x08004119   Thumb Code    24  tasks.o(i.xTaskGetSchedulerState)
    xTaskGetTickCount                        0x08004139   Thumb Code     6  tasks.o(i.xTaskGetTickCount)
    xTaskIncrementTick                       0x08004145   Thumb Code   336  tasks.o(i.xTaskIncrementTick)
    xTaskPriorityDisinherit                  0x080042cd   Thumb Code   206  tasks.o(i.xTaskPriorityDisinherit)
    xTaskRemoveFromEventList                 0x080043bd   Thumb Code   254  tasks.o(i.xTaskRemoveFromEventList)
    xTaskResumeAll                           0x080044e9   Thumb Code   306  tasks.o(i.xTaskResumeAll)
    xTimerCreateTimerTask                    0x08004651   Thumb Code    56  timers.o(i.xTimerCreateTimerTask)
    sinTable_f32                             0x080046b0   Data        2052  arm_common_tables.o(.constdata)
    Region$$Table$$Base                      0x08005034   Number         0  anon$$obj.o(Region$$Table)
    Region$$Table$$Limit                     0x08005054   Number         0  anon$$obj.o(Region$$Table)
    Flag_right                               0x20000008   Data           4  main.o(.data)
    Flag_init                                0x2000000c   Data           4  main.o(.data)
    SystemCoreClock                          0x20000010   Data           4  system_stm32f4xx.o(.data)
    AHBPrescTable                            0x20000014   Data          16  system_stm32f4xx.o(.data)
    linear                                   0x2000003c   Data           4  usart.o(.data)
    angular                                  0x20000040   Data           4  usart.o(.data)
    received_data_index                      0x20000044   Data           2  usart.o(.data)
    FLAG_ROS                                 0x20000046   Data           2  usart.o(.data)
    flag                                     0x20000048   Data           1  usart.o(.data)
    pxCurrentTCB                             0x2000004c   Data           4  tasks.o(.data)
    uxTopUsedPriority                        0x20000084   Data           4  tasks.o(.data)
    cos45                                    0x200000c8   Data           4  rabbit.o(.data)
    teat_angle                               0x200000cc   Data           4  rabbit.o(.data)
    __stdout                                 0x200000d0   Data           4  stdout.o(.data)
    rc_ctrl                                  0x2000011c   Data          38  remote_control.o(.bss)
    usart1_receive_data                      0x2000018a   Data          10  usart.o(.bss)
    xQueueRegistry                           0x20000194   Data          64  queue.o(.bss)
    _chassis                                 0x20005528   Data        2092  chassis.o(.bss)
    __initial_sp                             0x20006158   Data           0  startup_stm32f40_41xxx.o(STACK)



==============================================================================

Memory Map of the image

  Image Entry point : 0x08000189

  Load Region LR_IROM1 (Base: 0x08000000, Size: 0x00005128, Max: 0x00080000, ABSOLUTE)

    Execution Region ER_IROM1 (Exec base: 0x08000000, Load base: 0x08000000, Size: 0x00005054, Max: 0x00080000, ABSOLUTE)

    Exec Addr    Load Addr    Size         Type   Attr      Idx    E Section Name        Object

    0x08000000   0x08000000   0x00000188   Data   RO          424    RESET               startup_stm32f40_41xxx.o
    0x08000188   0x08000188   0x00000000   Code   RO         7636  * .ARM.Collect$$$$00000000  mc_w.l(entry.o)
    0x08000188   0x08000188   0x00000004   Code   RO         7930    .ARM.Collect$$$$00000001  mc_w.l(entry2.o)
    0x0800018c   0x0800018c   0x00000004   Code   RO         7933    .ARM.Collect$$$$00000004  mc_w.l(entry5.o)
    0x08000190   0x08000190   0x00000000   Code   RO         7935    .ARM.Collect$$$$00000008  mc_w.l(entry7b.o)
    0x08000190   0x08000190   0x00000000   Code   RO         7937    .ARM.Collect$$$$0000000A  mc_w.l(entry8b.o)
    0x08000190   0x08000190   0x00000008   Code   RO         7938    .ARM.Collect$$$$0000000B  mc_w.l(entry9a.o)
    0x08000198   0x08000198   0x00000004   Code   RO         7945    .ARM.Collect$$$$0000000E  mc_w.l(entry12b.o)
    0x0800019c   0x0800019c   0x00000000   Code   RO         7940    .ARM.Collect$$$$0000000F  mc_w.l(entry10a.o)
    0x0800019c   0x0800019c   0x00000000   Code   RO         7942    .ARM.Collect$$$$00000011  mc_w.l(entry11a.o)
    0x0800019c   0x0800019c   0x00000004   Code   RO         7931    .ARM.Collect$$$$00002712  mc_w.l(entry2.o)
    0x080001a0   0x080001a0   0x000000be   Code   RO         7232    .emb_text           port.o
    0x0800025e   0x0800025e   0x00000002   PAD
    0x08000260   0x08000260   0x00000024   Code   RO          425    .text               startup_stm32f40_41xxx.o
    0x08000284   0x08000284   0x00000024   Code   RO         7639    .text               mc_w.l(memcpya.o)
    0x080002a8   0x080002a8   0x00000024   Code   RO         7643    .text               mc_w.l(memseta.o)
    0x080002cc   0x080002cc   0x000000e4   Code   RO         7914    .text               mf_w.l(dmul.o)
    0x080003b0   0x080003b0   0x0000003e   Code   RO         7922    .text               mf_w.l(dfixi.o)
    0x080003ee   0x080003ee   0x00000026   Code   RO         7924    .text               mf_w.l(f2d.o)
    0x08000414   0x08000414   0x0000002c   Code   RO         7947    .text               mc_w.l(uidiv.o)
    0x08000440   0x08000440   0x0000001e   Code   RO         7951    .text               mc_w.l(llshl.o)
    0x0800045e   0x0800045e   0x00000020   Code   RO         7953    .text               mc_w.l(llushr.o)
    0x0800047e   0x0800047e   0x00000000   Code   RO         7957    .text               mc_w.l(iusefp.o)
    0x0800047e   0x0800047e   0x000000ba   Code   RO         7958    .text               mf_w.l(depilogue.o)
    0x08000538   0x08000538   0x00000024   Code   RO         7962    .text               mc_w.l(init.o)
    0x0800055c   0x0800055c   0x00000004   Code   RO          233    i.BusFault_Handler  stm32f4xx_it.o
    0x08000560   0x08000560   0x00000100   Code   RO         5496    i.CAN1_Mode_Init    can.o
    0x08000660   0x08000660   0x000002f8   Code   RO         5247    i.CAN1_RX0_IRQHandler  motor_feedback.o
    0x08000958   0x08000958   0x00000100   Code   RO         5497    i.CAN2_Mode_Init    can.o
    0x08000a58   0x08000a58   0x00000300   Code   RO         5248    i.CAN2_RX1_IRQHandler  motor_feedback.o
    0x08000d58   0x08000d58   0x00000108   Code   RO          723    i.CAN_FilterInit    stm32f4xx_can.o
    0x08000e60   0x08000e60   0x00000012   Code   RO          729    i.CAN_ITConfig      stm32f4xx_can.o
    0x08000e72   0x08000e72   0x00000114   Code   RO          730    i.CAN_Init          stm32f4xx_can.o
    0x08000f86   0x08000f86   0x000000f0   Code   RO          733    i.CAN_Receive       stm32f4xx_can.o
    0x08001076   0x08001076   0x00000126   Code   RO          738    i.CAN_Transmit      stm32f4xx_can.o
    0x0800119c   0x0800119c   0x00000098   Code   RO         7318    i.CHASSIS_TASK      chassis.o
    0x08001234   0x08001234   0x00000034   Code   RO         1418    i.DMA_ClearFlag     stm32f4xx_dma.o
    0x08001268   0x08001268   0x00000016   Code   RO         1420    i.DMA_Cmd           stm32f4xx_dma.o
    0x0800127e   0x0800127e   0x00000002   PAD
    0x08001280   0x08001280   0x00000158   Code   RO         1421    i.DMA_DeInit        stm32f4xx_dma.o
    0x080013d8   0x080013d8   0x00000016   Code   RO         1422    i.DMA_DoubleBufferModeCmd  stm32f4xx_dma.o
    0x080013ee   0x080013ee   0x00000018   Code   RO         1423    i.DMA_DoubleBufferModeConfig  stm32f4xx_dma.o
    0x08001406   0x08001406   0x00000008   Code   RO         1426    i.DMA_GetCurrDataCounter  stm32f4xx_dma.o
    0x0800140e   0x0800140e   0x00000014   Code   RO         1427    i.DMA_GetCurrentMemoryTarget  stm32f4xx_dma.o
    0x08001422   0x08001422   0x00000002   PAD
    0x08001424   0x08001424   0x00000058   Code   RO         1432    i.DMA_Init          stm32f4xx_dma.o
    0x0800147c   0x0800147c   0x00000004   Code   RO         1435    i.DMA_SetCurrDataCounter  stm32f4xx_dma.o
    0x08001480   0x08001480   0x00000002   Code   RO          234    i.DebugMon_Handler  stm32f4xx_it.o
    0x08001482   0x08001482   0x00000090   Code   RO         2154    i.GPIO_Init         stm32f4xx_gpio.o
    0x08001512   0x08001512   0x00000046   Code   RO         2155    i.GPIO_PinAFConfig  stm32f4xx_gpio.o
    0x08001558   0x08001558   0x00000004   Code   RO         2161    i.GPIO_ResetBits    stm32f4xx_gpio.o
    0x0800155c   0x0800155c   0x00000004   Code   RO         2162    i.GPIO_SetBits      stm32f4xx_gpio.o
    0x08001560   0x08001560   0x0000001e   Code   RO         5249    i.Get_angle         motor_feedback.o
    0x0800157e   0x0800157e   0x00000004   Code   RO          235    i.HardFault_Handler  stm32f4xx_it.o
    0x08001582   0x08001582   0x00000004   Code   RO          236    i.MemManage_Handler  stm32f4xx_it.o
    0x08001586   0x08001586   0x00000002   Code   RO          237    i.NMI_Handler       stm32f4xx_it.o
    0x08001588   0x08001588   0x00000078   Code   RO          431    i.NVIC_Init         misc.o
    0x08001600   0x08001600   0x00000014   Code   RO          432    i.NVIC_PriorityGroupConfig  misc.o
    0x08001614   0x08001614   0x00000050   Code   RO         5368    i.PID_init          pid.o
    0x08001664   0x08001664   0x000000a0   Code   RO         5682    i.Process_received_data  usart.o
    0x08001704   0x08001704   0x00000020   Code   RO         3018    i.RCC_AHB1PeriphClockCmd  stm32f4xx_rcc.o
    0x08001724   0x08001724   0x00000020   Code   RO         3027    i.RCC_APB1PeriphClockCmd  stm32f4xx_rcc.o
    0x08001744   0x08001744   0x00000020   Code   RO         3029    i.RCC_APB1PeriphResetCmd  stm32f4xx_rcc.o
    0x08001764   0x08001764   0x00000020   Code   RO         3030    i.RCC_APB2PeriphClockCmd  stm32f4xx_rcc.o
    0x08001784   0x08001784   0x00000020   Code   RO         3032    i.RCC_APB2PeriphResetCmd  stm32f4xx_rcc.o
    0x080017a4   0x080017a4   0x000000e8   Code   RO         3039    i.RCC_GetClocksFreq  stm32f4xx_rcc.o
    0x0800188c   0x0800188c   0x00000090   Code   RO         5402    i.SBUS_TO_RC        remote_control.o
    0x0800191c   0x0800191c   0x000000c4   Code   RO         5613    i.SPI1_Init         spi.o
    0x080019e0   0x080019e0   0x00000038   Code   RO         5614    i.SPI1_ReadWriteByte  spi.o
    0x08001a18   0x08001a18   0x00000018   Code   RO         4135    i.SPI_Cmd           stm32f4xx_spi.o
    0x08001a30   0x08001a30   0x00000012   Code   RO         4143    i.SPI_I2S_GetFlagStatus  stm32f4xx_spi.o
    0x08001a42   0x08001a42   0x00000006   Code   RO         4146    i.SPI_I2S_ReceiveData  stm32f4xx_spi.o
    0x08001a48   0x08001a48   0x00000004   Code   RO         4147    i.SPI_I2S_SendData  stm32f4xx_spi.o
    0x08001a4c   0x08001a4c   0x0000003c   Code   RO         4148    i.SPI_Init          stm32f4xx_spi.o
    0x08001a88   0x08001a88   0x00000058   Code   RO            3    i.START_TASK        main.o
    0x08001ae0   0x08001ae0   0x000000ec   Code   RO          387    i.SetSysClock       system_stm32f4xx.o
    0x08001bcc   0x08001bcc   0x00000028   Code   RO          435    i.SysTick_CLKSourceConfig  misc.o
    0x08001bf4   0x08001bf4   0x00000010   Code   RO         5161    i.SysTick_Handler   delay.o
    0x08001c04   0x08001c04   0x00000068   Code   RO          389    i.SystemInit        system_stm32f4xx.o
    0x08001c6c   0x08001c6c   0x000000ac   Code   RO         5685    i.USART1_IRQHandler  usart.o
    0x08001d18   0x08001d18   0x000000f8   Code   RO         5403    i.USART3_IRQHandler  remote_control.o
    0x08001e10   0x08001e10   0x00000012   Code   RO         4911    i.USART_ClearFlag   stm32f4xx_usart.o
    0x08001e22   0x08001e22   0x0000001e   Code   RO         4912    i.USART_ClearITPendingBit  stm32f4xx_usart.o
    0x08001e40   0x08001e40   0x00000018   Code   RO         4915    i.USART_Cmd         stm32f4xx_usart.o
    0x08001e58   0x08001e58   0x00000012   Code   RO         4916    i.USART_DMACmd      stm32f4xx_usart.o
    0x08001e6a   0x08001e6a   0x00000002   PAD
    0x08001e6c   0x08001e6c   0x000000f0   Code   RO         4917    i.USART_DeInit      stm32f4xx_usart.o
    0x08001f5c   0x08001f5c   0x00000054   Code   RO         4919    i.USART_GetITStatus  stm32f4xx_usart.o
    0x08001fb0   0x08001fb0   0x0000004a   Code   RO         4921    i.USART_ITConfig    stm32f4xx_usart.o
    0x08001ffa   0x08001ffa   0x00000002   PAD
    0x08001ffc   0x08001ffc   0x000000d4   Code   RO         4922    i.USART_Init        stm32f4xx_usart.o
    0x080020d0   0x080020d0   0x0000000a   Code   RO         4929    i.USART_ReceiveData  stm32f4xx_usart.o
    0x080020da   0x080020da   0x00000008   Code   RO         4932    i.USART_SendData    stm32f4xx_usart.o
    0x080020e2   0x080020e2   0x00000004   Code   RO          238    i.UsageFault_Handler  stm32f4xx_it.o
    0x080020e6   0x080020e6   0x00000002   PAD
    0x080020e8   0x080020e8   0x00000020   Code   RO         7740    i.__0printf$3       mc_w.l(printf3.o)
    0x08002108   0x08002108   0x0000000e   Code   RO         7966    i.__scatterload_copy  mc_w.l(handlers.o)
    0x08002116   0x08002116   0x00000002   Code   RO         7967    i.__scatterload_null  mc_w.l(handlers.o)
    0x08002118   0x08002118   0x0000000e   Code   RO         7968    i.__scatterload_zeroinit  mc_w.l(handlers.o)
    0x08002126   0x08002126   0x00000002   PAD
    0x08002128   0x08002128   0x000001b8   Code   RO         7747    i._printf_core      mc_w.l(printf3.o)
    0x080022e0   0x080022e0   0x00000090   Code   RO         7490    i.arm_cos_f32       arm_cos_f32.o
    0x08002370   0x08002370   0x00000044   Code   RO         5162    i.delay_init        delay.o
    0x080023b4   0x080023b4   0x0000001c   Code   RO         5686    i.fputc             usart.o
    0x080023d0   0x080023d0   0x00000078   Code   RO         5525    i.gpio_Init         gpio.o
    0x08002448   0x08002448   0x00000038   Code   RO            4    i.main              main.o
    0x08002480   0x08002480   0x000000c0   Code   RO         6589    i.prvAddCurrentTaskToDelayedList  tasks.o
    0x08002540   0x08002540   0x000000d0   Code   RO         6590    i.prvAddNewTaskToReadyList  tasks.o
    0x08002610   0x08002610   0x00000064   Code   RO         6982    i.prvCheckForValidListAndQueue  timers.o
    0x08002674   0x08002674   0x00000048   Code   RO         6591    i.prvCheckTasksWaitingTermination  tasks.o
    0x080026bc   0x080026bc   0x0000002a   Code   RO         6155    i.prvCopyDataFromQueue  queue.o
    0x080026e6   0x080026e6   0x0000007e   Code   RO         6156    i.prvCopyDataToQueue  queue.o
    0x08002764   0x08002764   0x00000012   Code   RO         6592    i.prvDeleteTCB      tasks.o
    0x08002776   0x08002776   0x00000002   PAD
    0x08002778   0x08002778   0x00000028   Code   RO         6983    i.prvGetNextExpireTime  timers.o
    0x080027a0   0x080027a0   0x00000070   Code   RO         7162    i.prvHeapInit       heap_4.o
    0x08002810   0x08002810   0x0000001c   Code   RO         6593    i.prvIdleTask       tasks.o
    0x0800282c   0x0800282c   0x0000002e   Code   RO         6159    i.prvInitialiseNewQueue  queue.o
    0x0800285a   0x0800285a   0x00000002   PAD
    0x0800285c   0x0800285c   0x000000cc   Code   RO         6594    i.prvInitialiseNewTask  tasks.o
    0x08002928   0x08002928   0x00000068   Code   RO         6595    i.prvInitialiseTaskLists  tasks.o
    0x08002990   0x08002990   0x00000068   Code   RO         7163    i.prvInsertBlockIntoFreeList  heap_4.o
    0x080029f8   0x080029f8   0x00000058   Code   RO         6985    i.prvInsertTimerInActiveList  timers.o
    0x08002a50   0x08002a50   0x0000001a   Code   RO         6160    i.prvIsQueueEmpty   queue.o
    0x08002a6a   0x08002a6a   0x00000002   PAD
    0x08002a6c   0x08002a6c   0x000000b0   Code   RO         6162    i.prvNotifyQueueSetContainer  queue.o
    0x08002b1c   0x08002b1c   0x00000044   Code   RO         6986    i.prvProcessExpiredTimer  timers.o
    0x08002b60   0x08002b60   0x0000014c   Code   RO         6987    i.prvProcessReceivedCommands  timers.o
    0x08002cac   0x08002cac   0x00000074   Code   RO         6988    i.prvProcessTimerOrBlockTask  timers.o
    0x08002d20   0x08002d20   0x00000028   Code   RO         6989    i.prvReloadTimer    timers.o
    0x08002d48   0x08002d48   0x00000030   Code   RO         6597    i.prvResetNextTaskUnblockTime  tasks.o
    0x08002d78   0x08002d78   0x0000002c   Code   RO         6990    i.prvSampleTimeNow  timers.o
    0x08002da4   0x08002da4   0x00000044   Code   RO         6991    i.prvSwitchTimerLists  timers.o
    0x08002de8   0x08002de8   0x00000048   Code   RO         7233    i.prvTaskExitError  port.o
    0x08002e30   0x08002e30   0x0000001a   Code   RO         6992    i.prvTimerTask      timers.o
    0x08002e4a   0x08002e4a   0x00000090   Code   RO         6163    i.prvUnlockQueue    queue.o
    0x08002eda   0x08002eda   0x00000002   PAD
    0x08002edc   0x08002edc   0x0000012c   Code   RO         7165    i.pvPortMalloc      heap_4.o
    0x08003008   0x08003008   0x0000002c   Code   RO         7234    i.pxPortInitialiseStack  port.o
    0x08003034   0x08003034   0x00000068   Code   RO         5257    i.rc_data_can1_send  motor_feedback.o
    0x0800309c   0x0800309c   0x00000068   Code   RO         5258    i.rc_data_can2_send  motor_feedback.o
    0x08003104   0x08003104   0x00000014   Code   RO         5404    i.remote_control_init  remote_control.o
    0x08003118   0x08003118   0x00000078   Code   RO         7349    i.ros_data_can1_send  rabbit.o
    0x08003190   0x08003190   0x00000078   Code   RO         7350    i.ros_data_can2_send  rabbit.o
    0x08003208   0x08003208   0x000001b4   Code   RO         7351    i.system_init       rabbit.o
    0x080033bc   0x080033bc   0x000000ac   Code   RO         5687    i.usart1_init       usart.o
    0x08003468   0x08003468   0x00000154   Code   RO         5688    i.usart3_Init       usart.o
    0x080035bc   0x080035bc   0x00000028   Code   RO         6107    i.uxListRemove      list.o
    0x080035e4   0x080035e4   0x0000000c   Code   RO         6604    i.uxTaskGetNumberOfTasks  tasks.o
    0x080035f0   0x080035f0   0x0000001a   Code   RO         6108    i.vListInitialise   list.o
    0x0800360a   0x0800360a   0x00000006   Code   RO         6109    i.vListInitialiseItem  list.o
    0x08003610   0x08003610   0x00000034   Code   RO         6110    i.vListInsert       list.o
    0x08003644   0x08003644   0x00000018   Code   RO         6111    i.vListInsertEnd    list.o
    0x0800365c   0x0800365c   0x00000060   Code   RO         7236    i.vPortEnterCritical  port.o
    0x080036bc   0x080036bc   0x00000048   Code   RO         7237    i.vPortExitCritical  port.o
    0x08003704   0x08003704   0x0000008c   Code   RO         7166    i.vPortFree         heap_4.o
    0x08003790   0x08003790   0x00000028   Code   RO         7238    i.vPortSetupTimerInterrupt  port.o
    0x080037b8   0x080037b8   0x0000006c   Code   RO         6169    i.vQueueAddToRegistry  queue.o
    0x08003824   0x08003824   0x0000004a   Code   RO         6173    i.vQueueWaitForMessageRestricted  queue.o
    0x0800386e   0x0800386e   0x00000002   PAD
    0x08003870   0x08003870   0x00000064   Code   RO         6610    i.vTaskDelay        tasks.o
    0x080038d4   0x080038d4   0x00000104   Code   RO         6611    i.vTaskDelete       tasks.o
    0x080039d8   0x080039d8   0x00000018   Code   RO         6615    i.vTaskInternalSetTimeOutState  tasks.o
    0x080039f0   0x080039f0   0x0000000c   Code   RO         6617    i.vTaskMissedYield  tasks.o
    0x080039fc   0x080039fc   0x00000044   Code   RO         6618    i.vTaskPlaceOnEventList  tasks.o
    0x08003a40   0x08003a40   0x0000006c   Code   RO         6619    i.vTaskPlaceOnEventListRestricted  tasks.o
    0x08003aac   0x08003aac   0x000000a4   Code   RO         6627    i.vTaskStartScheduler  tasks.o
    0x08003b50   0x08003b50   0x00000010   Code   RO         6629    i.vTaskSuspendAll   tasks.o
    0x08003b60   0x08003b60   0x00000098   Code   RO         6630    i.vTaskSwitchContext  tasks.o
    0x08003bf8   0x08003bf8   0x00000174   Code   RO         7240    i.xPortStartScheduler  port.o
    0x08003d6c   0x08003d6c   0x00000034   Code   RO         7241    i.xPortSysTickHandler  port.o
    0x08003da0   0x08003da0   0x00000070   Code   RO         6178    i.xQueueGenericCreate  queue.o
    0x08003e10   0x08003e10   0x000000c4   Code   RO         6179    i.xQueueGenericReset  queue.o
    0x08003ed4   0x08003ed4   0x0000014c   Code   RO         6188    i.xQueueReceive     queue.o
    0x08004020   0x08004020   0x00000090   Code   RO         6632    i.xTaskCheckForTimeOut  tasks.o
    0x080040b0   0x080040b0   0x00000068   Code   RO         6633    i.xTaskCreate       tasks.o
    0x08004118   0x08004118   0x00000020   Code   RO         6640    i.xTaskGetSchedulerState  tasks.o
    0x08004138   0x08004138   0x0000000c   Code   RO         6641    i.xTaskGetTickCount  tasks.o
    0x08004144   0x08004144   0x00000188   Code   RO         6643    i.xTaskIncrementTick  tasks.o
    0x080042cc   0x080042cc   0x000000f0   Code   RO         6644    i.xTaskPriorityDisinherit  tasks.o
    0x080043bc   0x080043bc   0x0000012c   Code   RO         6646    i.xTaskRemoveFromEventList  tasks.o
    0x080044e8   0x080044e8   0x00000168   Code   RO         6647    i.xTaskResumeAll    tasks.o
    0x08004650   0x08004650   0x00000060   Code   RO         7000    i.xTimerCreateTimerTask  timers.o
    0x080046b0   0x080046b0   0x00000804   Data   RO         7591    .constdata          arm_cortexM4lf_math.lib(arm_common_tables.o)
    0x08004eb4   0x08004eb4   0x00000043   Data   RO         6196    .conststring        queue.o
    0x08004ef7   0x08004ef7   0x00000001   PAD
    0x08004ef8   0x08004ef8   0x00000043   Data   RO         6650    .conststring        tasks.o
    0x08004f3b   0x08004f3b   0x00000001   PAD
    0x08004f3c   0x08004f3c   0x00000044   Data   RO         7010    .conststring        timers.o
    0x08004f80   0x08004f80   0x00000055   Data   RO         7172    .conststring        heap_4.o
    0x08004fd5   0x08004fd5   0x00000003   PAD
    0x08004fd8   0x08004fd8   0x00000059   Data   RO         7242    .conststring        port.o
    0x08005031   0x08005031   0x00000003   PAD
    0x08005034   0x08005034   0x00000020   Data   RO         7964    Region$$Table       anon$$obj.o


    Execution Region RW_IRAM1 (Exec base: 0x20000000, Load base: 0x08005054, Size: 0x00006158, Max: 0x00020000, ABSOLUTE)

    Exec Addr    Load Addr    Size         Type   Attr      Idx    E Section Name        Object

    0x20000000   0x08005054   0x00000010   Data   RW            6    .data               main.o
    0x20000010   0x08005064   0x00000014   Data   RW          390    .data               system_stm32f4xx.o
    0x20000024   0x08005078   0x00000010   Data   RW         3071    .data               stm32f4xx_rcc.o
    0x20000034   0x08005088   0x00000004   Data   RW         5166    .data               delay.o
    0x20000038   0x0800508c   0x00000002   Data   RW         5406    .data               remote_control.o
    0x2000003a   0x0800508e   0x00000002   PAD
    0x2000003c   0x08005090   0x0000000d   Data   RW         5690    .data               usart.o
    0x20000049   0x0800509d   0x00000003   PAD
    0x2000004c   0x080050a0   0x00000040   Data   RW         6651    .data               tasks.o
    0x2000008c   0x080050e0   0x00000014   Data   RW         7011    .data               timers.o
    0x200000a0   0x080050f4   0x0000001c   Data   RW         7173    .data               heap_4.o
    0x200000bc   0x08005110   0x0000000c   Data   RW         7243    .data               port.o
    0x200000c8   0x0800511c   0x00000008   Data   RW         7353    .data               rabbit.o
    0x200000d0   0x08005124   0x00000004   Data   RW         7946    .data               mc_w.l(stdout.o)
    0x200000d4        -       0x0000006e   Zero   RW         5405    .bss                remote_control.o
    0x20000142        -       0x00000052   Zero   RW         5689    .bss                usart.o
    0x20000194        -       0x00000040   Zero   RW         6195    .bss                queue.o
    0x200001d4        -       0x000002e4   Zero   RW         6649    .bss                tasks.o
    0x200004b8        -       0x00000028   Zero   RW         7009    .bss                timers.o
    0x200004e0        -       0x00005000   Zero   RW         7171    .bss                heap_4.o
    0x200054e0        -       0x00000874   Zero   RW         7319    .bss                chassis.o
    0x20005d54   0x08005128   0x00000004   PAD
    0x20005d58        -       0x00000400   Zero   RW          422    STACK               startup_stm32f40_41xxx.o


==============================================================================

Image component sizes


      Code (inc. data)   RO Data    RW Data    ZI Data      Debug   Object Name

         0          0          0          0          0      13380   arm_abs_f32.o
       144         12          0          0          0        802   arm_cos_f32.o
       512         16          0          0          0       2130   can.o
       152         12          0          0       2164        762   chassis.o
        84         10          0          4          0      17195   delay.o
         0          0          0          0          0      15036   event_groups.o
       120          8          0          0          0        580   gpio.o
       656        100         85         28      20480       5395   heap_4.o
       148          0          0          0          0       3946   list.o
       144         58          0         16          0     256505   main.o
       180         24          0          0          0       2165   misc.o
      1766         34          0          0          0       3797   motor_feedback.o
        80          4          0          0          0       1815   pid.o
       938        158         89         12          0      11408   port.o
      1382        110         67          0         64      14639   queue.o
       676         66          0          8          0       2876   rabbit.o
       412         30          0          2        110       2868   remote_control.o
       252         16          0          0          0       1273   spi.o
        36          8        392          0       1024        816   startup_stm32f40_41xxx.o
      1092          6          0          0          0       4548   stm32f4xx_can.o
       584         40          0          0          0       6920   stm32f4xx_dma.o
       222          0          0          0          0       2979   stm32f4xx_gpio.o
        20          0          0          0          0     289445   stm32f4xx_it.o
       392         48          0         16          0       5945   stm32f4xx_rcc.o
       112          0          0          0          0       3618   stm32f4xx_spi.o
       718         42          0          0          0       7557   stm32f4xx_usart.o
       340         32          0         20          0       1889   system_stm32f4xx.o
      3374        620         67         64        740      36895   tasks.o
      1018        150         68         20         40      14852   timers.o
       872         78          0         13         82     271100   usart.o

    ----------------------------------------------------------------------
     16448       1682        808        208      24708    1003136   Object Totals
         0          0         32          0          0          0   (incl. Generated)
        22          0          8          5          4          0   (incl. Padding)

    ----------------------------------------------------------------------

      Code (inc. data)   RO Data    RW Data    ZI Data      Debug   Library Member Name

         0          0       2052          0          0      21128   arm_common_tables.o
         0          0          0          0          0          0   entry.o
         0          0          0          0          0          0   entry10a.o
         0          0          0          0          0          0   entry11a.o
         4          0          0          0          0          0   entry12b.o
         8          4          0          0          0          0   entry2.o
         4          0          0          0          0          0   entry5.o
         0          0          0          0          0          0   entry7b.o
         0          0          0          0          0          0   entry8b.o
         8          4          0          0          0          0   entry9a.o
        30          0          0          0          0          0   handlers.o
        36          8          0          0          0         68   init.o
         0          0          0          0          0          0   iusefp.o
        30          0          0          0          0         68   llshl.o
        32          0          0          0          0         68   llushr.o
        36          0          0          0          0         68   memcpya.o
        36          0          0          0          0        108   memseta.o
       472         14          0          0          0        184   printf3.o
         0          0          0          4          0          0   stdout.o
        44          0          0          0          0         80   uidiv.o
       186          0          0          0          0        176   depilogue.o
        62          0          0          0          0         80   dfixi.o
       228          0          0          0          0         96   dmul.o
        38          0          0          0          0         68   f2d.o

    ----------------------------------------------------------------------
      1256         30       2052          4          0      22192   Library Totals
         2          0          0          0          0          0   (incl. Padding)

    ----------------------------------------------------------------------

      Code (inc. data)   RO Data    RW Data    ZI Data      Debug   Library Name

         0          0       2052          0          0      21128   arm_cortexM4lf_math.lib
       740         30          0          4          0        644   mc_w.l
       514          0          0          0          0        420   mf_w.l

    ----------------------------------------------------------------------
      1256         30       2052          4          0      22192   Library Totals

    ----------------------------------------------------------------------

==============================================================================


      Code (inc. data)   RO Data    RW Data    ZI Data      Debug   

     17704       1712       2860        212      24708    1011564   Grand Totals
     17704       1712       2860        212      24708    1011564   ELF Image Totals
     17704       1712       2860        212          0          0   ROM Totals

==============================================================================

    Total RO  Size (Code + RO Data)                20564 (  20.08kB)
    Total RW  Size (RW Data + ZI Data)             24920 (  24.34kB)
    Total ROM Size (Code + RO Data + RW Data)      20776 (  20.29kB)

==============================================================================

